2026-03-09 13:20:05,809 - INFO - 
📝 LOGGING INITIALIZED (UTF-8-SIG): logs/labelling/labelling_labelled_SELL_00030_BUY_00030_15min_20260309_132005.log
2026-03-09 13:20:05,833 - INFO - Found 1133 files to label.
2026-03-09 13:20:05,834 - INFO - Mode: Continuous dataset labelling (cross-file island continuity preserved).
2026-03-09 13:20:05,834 - INFO - Lookahead: 15min / 5min = 3 barras
2026-03-09 13:20:05,834 - INFO - Lendo 1133 arquivos em memória...
2026-03-09 13:21:01,252 - INFO - Dataset concatenado: 326,198 barras | island_col=island_id
2026-03-09 13:21:01,403 - INFO - Labels calculados: 326,192 válidos | 6 descartados (bordas de ilha + lookahead)
2026-03-09 13:21:01,418 - INFO - Labelling phase finished.
2026-03-09 13:21:01,418 - INFO - Final Label Distribution:
2026-03-09 13:21:01,418 - INFO -    SELL (0): 21,726 samples (6.66%)
2026-03-09 13:21:01,418 - INFO -    NEUTRAL (1): 282,016 samples (86.46%)
2026-03-09 13:21:01,418 - INFO -    BUY (2): 22,450 samples (6.88%)
2026-03-09 13:21:01,418 - INFO - Total labelled samples: 326,192
2026-03-09 13:21:01,418 - INFO - Total processed files: 1133
2026-03-09 13:21:01,418 - INFO - Salvando arquivos rotulados por fonte original...
2026-03-09 13:22:19,930 - INFO - 🚀 Starting automated export to Drive: drive:PROJETOS/RESULTADOS_SELL_00030_BUY_00030_15min/08_03_2026_v000/LABELLED...
2026-03-09 13:22:19,946 - INFO - 🧪 Running Automated Health QA (pytest)...
2026-03-09 13:26:23,061 - INFO - ✅ QA Report saved to data/L2/labelled/labelling_health_QA.log
2026-03-09 13:31:02,680 - INFO - ✅ Export completed successfully: drive:PROJETOS/RESULTADOS_SELL_00030_BUY_00030_15min/08_03_2026_v000/LABELLED
2026-03-09 13:31:02,708 - INFO - 📤 [AUDIT UPLOAD] Stage=LABELLING → drive:PROJETOS/RESULTADOS_SELL_00030_BUY_00030_15min/08_03_2026_v000/AUDITORIA/LABELLING
2026-03-09 13:31:10,553 - INFO -   ✅ Uploaded logs/labelling → drive:PROJETOS/RESULTADOS_SELL_00030_BUY_00030_15min/08_03_2026_v000/AUDITORIA/LABELLING/labelling
2026-03-09 13:31:10,553 - INFO - 📤 [AUDIT UPLOAD] LABELLING complete.
