2026-03-09 15:35:48,271 - INFO - 
📝 LOGGING INITIALIZED (UTF-8-SIG): logs/run_manager/run_manager_20260309_153548.log
2026-03-09 15:35:48,338 - INFO - ============================================================
2026-03-09 15:35:48,338 - INFO - 🚀 INICIANDO FASE: Foundation Optuna (100 Trials | 50 Epochs | ESP: 4)
2026-03-09 15:35:48,338 - INFO - ============================================================
2026-03-09 21:05:40,865 - INFO - ✅ FASE CONCLUIDA: Foundation Optuna (100 Trials | 50 Epochs | ESP: 4)
2026-03-09 21:05:40,867 - INFO - 🧹 Initiating deep memory sweep (gc.collect and torch.cuda.empty_cache)...
2026-03-09 21:06:23,850 - INFO -   ↳ CUDA VRAM cache cleared.
2026-03-09 21:06:23,853 - INFO - 🔁 K-Fold Mode ativado (kfold.enabled=true) → Executando 5-Fold Purged K-Fold Specialist
2026-03-09 21:06:23,853 - INFO - ============================================================
2026-03-09 21:06:23,854 - INFO - 🚀 INICIANDO FASE: K-Fold Specialist OOF (5 Folds + Purge 15min)
2026-03-09 21:06:23,854 - INFO - ============================================================
2026-03-09 21:17:07,092 - INFO - ✅ FASE CONCLUIDA: K-Fold Specialist OOF (5 Folds + Purge 15min)
2026-03-09 21:17:07,094 - INFO - 🧹 Initiating deep memory sweep (gc.collect and torch.cuda.empty_cache)...
2026-03-09 21:17:07,134 - INFO -   ↳ CUDA VRAM cache cleared.
2026-03-09 21:17:07,147 - INFO - 🔍 Requisitos do Auditor carregados OK. Engatilhando Auditor...
2026-03-09 21:17:07,147 - INFO - ============================================================
2026-03-09 21:17:07,147 - INFO - 🚀 INICIANDO FASE: Auditor Preprocessing (Context generation)
2026-03-09 21:17:07,148 - INFO - ============================================================
2026-03-09 21:17:53,782 - INFO - ✅ FASE CONCLUIDA: Auditor Preprocessing (Context generation)
2026-03-09 21:17:53,785 - INFO - ============================================================
2026-03-09 21:17:53,785 - INFO - 🚀 INICIANDO FASE: Auditor Labelling (Fused Logits + Sinais OOF)
2026-03-09 21:17:53,785 - INFO - ============================================================
2026-03-09 21:20:22,672 - INFO - ✅ FASE CONCLUIDA: Auditor Labelling (Fused Logits + Sinais OOF)
2026-03-09 21:20:22,675 - INFO - 🧹 Initiating deep memory sweep (gc.collect and torch.cuda.empty_cache)...
2026-03-09 21:20:22,729 - INFO -   ↳ CUDA VRAM cache cleared.
2026-03-09 21:20:22,729 - INFO - ============================================================
2026-03-09 21:20:22,729 - INFO - 🚀 INICIANDO FASE: Auditor XGBoost (Dynamic Thresholding)
2026-03-09 21:20:22,730 - INFO - ============================================================
2026-03-09 21:23:01,343 - INFO - ✅ FASE CONCLUIDA: Auditor XGBoost (Dynamic Thresholding)
2026-03-09 21:23:01,346 - INFO - 🧹 Initiating deep memory sweep (gc.collect and torch.cuda.empty_cache)...
2026-03-09 21:23:01,399 - INFO -   ↳ CUDA VRAM cache cleared.
2026-03-09 21:23:01,400 - INFO - ============================================================
2026-03-09 21:23:01,400 - INFO - 🩺 INICIANDO AVALIAÇÃO DE SAÚDE (QA) OOF 🩺
2026-03-09 21:23:01,400 - INFO - ============================================================
2026-03-09 21:23:01,400 - INFO - 🚀 INICIANDO FASE: Health QA Generation (Target Balance & NaNs)
2026-03-09 21:23:01,401 - INFO - ============================================================
2026-03-09 21:23:41,220 - INFO - ✅ FASE CONCLUIDA: Health QA Generation (Target Balance & NaNs)
2026-03-09 21:23:41,221 - INFO - ============================================================
2026-03-09 21:23:41,221 - INFO - 📦 INICIANDO TRANSFERENCIA INTEGRAL (QA LOGS E MODELOS) 📦
