2026-03-22 21:45:27,620 - INFO - 🖥️  Device: cuda
2026-03-22 21:45:27,621 - INFO - 🔄 Purge Dinamico Sniper ativado: 15min (horizon) + 1min (seguranca) = 16min
2026-03-22 21:45:27,624 - INFO - 📐 K-Fold Setup: 5 folds, purge=16min (4 bars), resample=5min
2026-03-22 21:45:27,632 - INFO - Loaded Foundation Arch (best_dir_params.json): seq_len=96, tcn=256, lstm=128×2
2026-03-22 21:45:27,639 - INFO - 📂 Foundation Val: 274 files in data/L2/labelled/val
2026-03-22 21:45:27,641 - INFO - 🔍 RAM-Safe Streaming Scan (Val): 274 arquivos...
2026-03-22 21:45:37,143 - INFO - ✂️ Double-Chunking (Val): Expondo fatias de 5,000 amostras aleatórias.
2026-03-22 21:45:37,144 - INFO - 🚀 Pre-loading 5,000 samples into RAM (Lightning Mode)...
2026-03-22 21:45:57,581 - INFO - ✅ RAM-Safe Streaming Dataset: 5,000 sequences indexed and PRE-LOADED.
2026-03-22 21:45:57,581 - INFO - ✅ RAM-Safe Streaming Dataset: 5,000 sequences indexed (Mode: Lightning).
2026-03-22 21:45:57,622 - INFO - 📐 Pre-scanning labels for class balance stats...
2026-03-22 21:45:58,115 - INFO - 📊 Foundation Val: 5,000 rows (Mapped) | Labels: 89,487,733
2026-03-22 21:45:58,171 - INFO - 📊 Class Distribution: Neutral=45.4%, Directional=54.6%
2026-03-22 21:45:58,171 - INFO - 🧬 Alphas Genetic Inheritance: [1.6482360435382877, 0.6107407042703057, 1.4757787749469773]
2026-03-22 21:45:58,172 - INFO - ============================================================
2026-03-22 21:45:58,172 - INFO - [KFOLD] FOLD 1/5 | Train: 3,984 rows | Test: 1,000 rows
2026-03-22 21:45:58,174 - INFO - [Fold 0] Right Purge Gap OK: 4 bars (20 min)
2026-03-22 21:45:58,442 - INFO - 🔄 Warm-Starting from Foundation Checkpoint: /workspace/QuantGod_Cloud_TCNLSTM/RESULTADOS_PT_065_SL_033_lookahead_15min_DT_5000000_TT_5000_IT_1000_VT_144_CUSUM_22/2026_03_21/MODELOS/BASE_MODEL/best_tcn_lstm_dir.pt
2026-03-22 21:45:58,507 - INFO - 🔥 [Fold 0] WARM-START SUCCESS: Base weights initialized.
2026-03-22 21:45:58,964 - INFO - [LOSS] Specialist Loss: alpha=[1.6482360435382877, 0.6107407042703057, 1.4757787749469773], gamma=3.55, smoothing=0.27 (Inherited: YES)
2026-03-22 21:46:24,432 - INFO - [Fold 0] E1/60 | Sniper: 0.1891 | F1_Dir: 0.2101 | F1_Macro: 0.1401
2026-03-22 21:46:36,012 - INFO - [Fold 0] E6/60 | Sniper: 0.2406 | F1_Dir: 0.2541 | F1_Macro: 0.2089
2026-03-22 21:46:47,623 - INFO - [Fold 0] E11/60 | Sniper: 0.3429 | F1_Dir: 0.3397 | F1_Macro: 0.3502
2026-03-22 21:46:59,102 - INFO - [Fold 0] E16/60 | Sniper: 0.3817 | F1_Dir: 0.3474 | F1_Macro: 0.4619
2026-03-22 21:47:10,675 - INFO - [Fold 0] E21/60 | Sniper: 0.4117 | F1_Dir: 0.3912 | F1_Macro: 0.4595
2026-03-22 21:47:22,141 - INFO - [Fold 0] E26/60 | Sniper: 0.3978 | F1_Dir: 0.3679 | F1_Macro: 0.4675
2026-03-22 21:47:33,702 - INFO - [Fold 0] E31/60 | Sniper: 0.4140 | F1_Dir: 0.3783 | F1_Macro: 0.4975
2026-03-22 21:47:35,999 - INFO - [Fold 0] Early stop at epoch 32.
2026-03-22 21:47:36,074 - INFO - [Fold 0] Model saved: model_fold_0.pt
2026-03-22 21:47:36,727 - INFO - [Fold 0] OOF Sniper: 0.4359 | Dir: 0.4030 | Macro: 0.5128
2026-03-22 21:47:36,865 - INFO - [Fold 0] Saved: fold_0.parquet (1,000 rows)
2026-03-22 21:47:37,054 - INFO - ============================================================
2026-03-22 21:47:37,054 - INFO - [KFOLD] FOLD 2/5 | Train: 3,984 rows | Test: 1,000 rows
2026-03-22 21:47:37,055 - INFO - [Fold 1] Left Purge Gap OK: 4 bars (20 min)
2026-03-22 21:47:37,055 - INFO - [Fold 1] Right Purge Gap OK: 4 bars (20 min)
2026-03-22 21:47:37,223 - INFO - 🔄 Warm-Starting from Foundation Checkpoint: /workspace/QuantGod_Cloud_TCNLSTM/RESULTADOS_PT_065_SL_033_lookahead_15min_DT_5000000_TT_5000_IT_1000_VT_144_CUSUM_22/2026_03_21/MODELOS/BASE_MODEL/best_tcn_lstm_dir.pt
2026-03-22 21:47:37,242 - INFO - 🔥 [Fold 1] WARM-START SUCCESS: Base weights initialized.
2026-03-22 21:47:37,247 - INFO - [LOSS] Specialist Loss: alpha=[1.6482360435382877, 0.6107407042703057, 1.4757787749469773], gamma=3.55, smoothing=0.27 (Inherited: YES)
2026-03-22 21:47:39,514 - INFO - [Fold 1] E1/60 | Sniper: 0.2182 | F1_Dir: 0.2424 | F1_Macro: 0.1616
2026-03-22 21:47:51,037 - INFO - [Fold 1] E6/60 | Sniper: 0.3294 | F1_Dir: 0.3553 | F1_Macro: 0.2690
2026-03-22 21:48:02,581 - INFO - [Fold 1] E11/60 | Sniper: 0.4149 | F1_Dir: 0.3990 | F1_Macro: 0.4519
2026-03-22 21:48:14,084 - INFO - [Fold 1] E16/60 | Sniper: 0.4264 | F1_Dir: 0.3982 | F1_Macro: 0.4923
2026-03-22 21:48:25,544 - INFO - [Fold 1] E21/60 | Sniper: 0.4183 | F1_Dir: 0.3914 | F1_Macro: 0.4809
2026-03-22 21:48:37,010 - INFO - [Fold 1] E26/60 | Sniper: 0.4144 | F1_Dir: 0.3867 | F1_Macro: 0.4791
2026-03-22 21:48:41,600 - INFO - [Fold 1] Early stop at epoch 28.
2026-03-22 21:48:41,642 - INFO - [Fold 1] Model saved: model_fold_1.pt
2026-03-22 21:48:42,263 - INFO - [Fold 1] OOF Sniper: 0.4373 | Dir: 0.4126 | Macro: 0.4949
2026-03-22 21:48:42,284 - INFO - [Fold 1] Saved: fold_1.parquet (1,000 rows)
2026-03-22 21:48:42,471 - INFO - ============================================================
2026-03-22 21:48:42,471 - INFO - [KFOLD] FOLD 3/5 | Train: 3,984 rows | Test: 1,000 rows
2026-03-22 21:48:42,471 - INFO - [Fold 2] Left Purge Gap OK: 4 bars (20 min)
2026-03-22 21:48:42,471 - INFO - [Fold 2] Right Purge Gap OK: 4 bars (20 min)
2026-03-22 21:48:42,634 - INFO - 🔄 Warm-Starting from Foundation Checkpoint: /workspace/QuantGod_Cloud_TCNLSTM/RESULTADOS_PT_065_SL_033_lookahead_15min_DT_5000000_TT_5000_IT_1000_VT_144_CUSUM_22/2026_03_21/MODELOS/BASE_MODEL/best_tcn_lstm_dir.pt
2026-03-22 21:48:42,649 - INFO - 🔥 [Fold 2] WARM-START SUCCESS: Base weights initialized.
2026-03-22 21:48:42,655 - INFO - [LOSS] Specialist Loss: alpha=[1.6482360435382877, 0.6107407042703057, 1.4757787749469773], gamma=3.55, smoothing=0.27 (Inherited: YES)
2026-03-22 21:48:44,910 - INFO - [Fold 2] E1/60 | Sniper: 0.1980 | F1_Dir: 0.2200 | F1_Macro: 0.1466
2026-03-22 21:48:56,319 - INFO - [Fold 2] E6/60 | Sniper: 0.2283 | F1_Dir: 0.2380 | F1_Macro: 0.2057
2026-03-22 21:49:07,872 - INFO - [Fold 2] E11/60 | Sniper: 0.3612 | F1_Dir: 0.3515 | F1_Macro: 0.3839
2026-03-22 21:49:19,368 - INFO - [Fold 2] E16/60 | Sniper: 0.4270 | F1_Dir: 0.4078 | F1_Macro: 0.4719
2026-03-22 21:49:30,833 - INFO - [Fold 2] E21/60 | Sniper: 0.4429 | F1_Dir: 0.4108 | F1_Macro: 0.5177
2026-03-22 21:49:42,266 - INFO - [Fold 2] E26/60 | Sniper: 0.4600 | F1_Dir: 0.4313 | F1_Macro: 0.5269
2026-03-22 21:49:53,822 - INFO - [Fold 2] E31/60 | Sniper: 0.4510 | F1_Dir: 0.4202 | F1_Macro: 0.5231
2026-03-22 21:50:05,186 - INFO - [Fold 2] E36/60 | Sniper: 0.4651 | F1_Dir: 0.4367 | F1_Macro: 0.5314
2026-03-22 21:50:07,468 - INFO - [Fold 2] Early stop at epoch 37.
2026-03-22 21:50:07,510 - INFO - [Fold 2] Model saved: model_fold_2.pt
2026-03-22 21:50:08,133 - INFO - [Fold 2] OOF Sniper: 0.4878 | Dir: 0.4602 | Macro: 0.5520
2026-03-22 21:50:08,153 - INFO - [Fold 2] Saved: fold_2.parquet (1,000 rows)
2026-03-22 21:50:08,313 - INFO - ============================================================
2026-03-22 21:50:08,313 - INFO - [KFOLD] FOLD 4/5 | Train: 3,984 rows | Test: 1,000 rows
2026-03-22 21:50:08,314 - INFO - [Fold 3] Left Purge Gap OK: 4 bars (20 min)
2026-03-22 21:50:08,314 - INFO - [Fold 3] Right Purge Gap OK: 4 bars (20 min)
2026-03-22 21:50:08,472 - INFO - 🔄 Warm-Starting from Foundation Checkpoint: /workspace/QuantGod_Cloud_TCNLSTM/RESULTADOS_PT_065_SL_033_lookahead_15min_DT_5000000_TT_5000_IT_1000_VT_144_CUSUM_22/2026_03_21/MODELOS/BASE_MODEL/best_tcn_lstm_dir.pt
2026-03-22 21:50:08,486 - INFO - 🔥 [Fold 3] WARM-START SUCCESS: Base weights initialized.
2026-03-22 21:50:08,490 - INFO - [LOSS] Specialist Loss: alpha=[1.6482360435382877, 0.6107407042703057, 1.4757787749469773], gamma=3.55, smoothing=0.27 (Inherited: YES)
2026-03-22 21:50:10,795 - INFO - [Fold 3] E1/60 | Sniper: 0.1863 | F1_Dir: 0.2070 | F1_Macro: 0.1380
2026-03-22 21:50:22,169 - INFO - [Fold 3] E6/60 | Sniper: 0.2179 | F1_Dir: 0.2397 | F1_Macro: 0.1670
2026-03-22 21:50:33,710 - INFO - [Fold 3] E11/60 | Sniper: 0.3483 | F1_Dir: 0.3185 | F1_Macro: 0.4176
2026-03-22 21:50:45,289 - INFO - [Fold 3] E16/60 | Sniper: 0.4158 | F1_Dir: 0.4015 | F1_Macro: 0.4493
2026-03-22 21:50:56,782 - INFO - [Fold 3] E21/60 | Sniper: 0.4145 | F1_Dir: 0.3802 | F1_Macro: 0.4945
2026-03-22 21:51:08,203 - INFO - [Fold 3] E26/60 | Sniper: 0.4247 | F1_Dir: 0.3934 | F1_Macro: 0.4978
2026-03-22 21:51:10,555 - INFO - [Fold 3] Early stop at epoch 27.
2026-03-22 21:51:10,609 - INFO - [Fold 3] Model saved: model_fold_3.pt
2026-03-22 21:51:11,251 - INFO - [Fold 3] OOF Sniper: 0.4490 | Dir: 0.4181 | Macro: 0.5208
2026-03-22 21:51:11,275 - INFO - [Fold 3] Saved: fold_3.parquet (1,000 rows)
2026-03-22 21:51:11,461 - INFO - ============================================================
2026-03-22 21:51:11,462 - INFO - [KFOLD] FOLD 5/5 | Train: 3,984 rows | Test: 1,000 rows
2026-03-22 21:51:11,462 - INFO - [Fold 4] Left Purge Gap OK: 4 bars (20 min)
2026-03-22 21:51:11,633 - INFO - 🔄 Warm-Starting from Foundation Checkpoint: /workspace/QuantGod_Cloud_TCNLSTM/RESULTADOS_PT_065_SL_033_lookahead_15min_DT_5000000_TT_5000_IT_1000_VT_144_CUSUM_22/2026_03_21/MODELOS/BASE_MODEL/best_tcn_lstm_dir.pt
2026-03-22 21:51:11,650 - INFO - 🔥 [Fold 4] WARM-START SUCCESS: Base weights initialized.
2026-03-22 21:51:11,656 - INFO - [LOSS] Specialist Loss: alpha=[1.6482360435382877, 0.6107407042703057, 1.4757787749469773], gamma=3.55, smoothing=0.27 (Inherited: YES)
2026-03-22 21:51:13,943 - INFO - [Fold 4] E1/60 | Sniper: 0.1800 | F1_Dir: 0.2000 | F1_Macro: 0.1333
2026-03-22 21:51:25,448 - INFO - [Fold 4] E6/60 | Sniper: 0.2408 | F1_Dir: 0.2633 | F1_Macro: 0.1883
2026-03-22 21:51:36,913 - INFO - [Fold 4] E11/60 | Sniper: 0.4050 | F1_Dir: 0.3802 | F1_Macro: 0.4629
2026-03-22 21:51:48,614 - INFO - [Fold 4] E16/60 | Sniper: 0.4098 | F1_Dir: 0.3992 | F1_Macro: 0.4346
2026-03-22 21:52:00,100 - INFO - [Fold 4] E21/60 | Sniper: 0.3890 | F1_Dir: 0.3560 | F1_Macro: 0.4659
2026-03-22 21:52:11,588 - INFO - [Fold 4] E26/60 | Sniper: 0.4083 | F1_Dir: 0.3801 | F1_Macro: 0.4742
2026-03-22 21:52:16,150 - INFO - [Fold 4] Early stop at epoch 28.
2026-03-22 21:52:16,224 - INFO - [Fold 4] Model saved: model_fold_4.pt
2026-03-22 21:52:16,860 - INFO - [Fold 4] OOF Sniper: 0.4131 | Dir: 0.3870 | Macro: 0.4741
2026-03-22 21:52:16,881 - INFO - [Fold 4] Saved: fold_4.parquet (1,000 rows)
2026-03-22 21:52:17,068 - INFO - Assembling full_oof.parquet (chronological order)...
2026-03-22 21:52:17,171 - INFO - full_oof.parquet: 5,000 rows | Coverage: 100.0% of Foundation Val
2026-03-22 21:52:17,171 - INFO - Expected: ~4,980 (after purge removal)
2026-03-22 21:52:17,173 - INFO - No duplicate rows in full_oof.parquet
2026-03-22 21:52:17,173 - INFO - Running Automated Specialist Security QA (pytest)...
2026-03-22 21:54:04,553 - INFO - [OK] Specialist QA Report saved to /workspace/QuantGod_Cloud_TCNLSTM/RESULTADOS_PT_065_SL_033_lookahead_15min_DT_5000000_TT_5000_IT_1000_VT_144_CUSUM_22/2026_03_21/MODELOS/SPECIALIST/kfold_security_QA.log
2026-03-22 21:54:04,554 - INFO - [END] K-Fold Specialist finished. Auditor fusion ready.
2026-03-22 21:54:04,670 - INFO - 📤 [AUDIT UPLOAD] Stage=KFOLD_SPECIALIST → drive:PROJETOS/RESULTADOS_PT_065_SL_033_lookahead_15min_DT_5000000_TT_5000_IT_1000_VT_144_CUSUM_22/2026_03_21/AUDITORIA/KFOLD_SPECIALIST
