2026-03-22 22:47:08,641 - INFO - 🖥️  Device: cuda
2026-03-22 22:47:08,641 - INFO - 🔄 Purge Dinamico Sniper ativado: 15min (horizon) + 1min (seguranca) = 16min
2026-03-22 22:47:08,644 - INFO - 📐 K-Fold Setup: 5 folds, purge=16min (4 bars), resample=5min
2026-03-22 22:47:08,650 - INFO - Loaded Foundation Arch (best_dir_params.json): seq_len=192, tcn=64, lstm=128×2
2026-03-22 22:47:08,657 - INFO - 📂 Foundation Val: 274 files in data/L2/labelled/val
2026-03-22 22:47:08,659 - INFO - 🔍 RAM-Safe Streaming Scan (Val): 274 arquivos...
2026-03-22 22:47:20,042 - INFO - ✂️ Double-Chunking (Val): Expondo fatias de 5,000 amostras aleatórias.
2026-03-22 22:47:20,042 - INFO - 🚀 Pre-loading 5,000 samples into RAM (Lightning Mode)...
2026-03-22 22:47:52,052 - INFO - ✅ RAM-Safe Streaming Dataset: 5,000 sequences indexed and PRE-LOADED.
2026-03-22 22:47:52,052 - INFO - ✅ RAM-Safe Streaming Dataset: 5,000 sequences indexed (Mode: Lightning).
2026-03-22 22:47:52,115 - INFO - 📐 Pre-scanning labels for class balance stats...
2026-03-22 22:47:52,497 - INFO - 📊 Foundation Val: 5,000 rows (Mapped) | Labels: 89,487,733
2026-03-22 22:47:52,572 - INFO - 📊 Class Distribution: Neutral=45.4%, Directional=54.6%
2026-03-22 22:47:52,572 - INFO - 🧬 Alphas Genetic Inheritance: [1.0545666648628056, 0.8195692625798998, 1.2907482668900867]
2026-03-22 22:47:52,572 - INFO - ============================================================
2026-03-22 22:47:52,572 - INFO - [KFOLD] FOLD 1/5 | Train: 3,984 rows | Test: 1,000 rows
2026-03-22 22:47:52,575 - INFO - [Fold 0] Right Purge Gap OK: 4 bars (20 min)
2026-03-22 22:47:52,953 - INFO - 🔄 Warm-Starting from Foundation Checkpoint: /workspace/QuantGod_Cloud_TCNLSTM/RESULTADOS_PT_065_SL_033_lookahead_15min_DT_5000000_TT_5000_IT_1000_VT_144_CUSUM_22/2026_03_21/MODELOS/BASE_MODEL/best_tcn_lstm_dir.pt
2026-03-22 22:47:53,001 - INFO - 🔥 [Fold 0] WARM-START SUCCESS: Base weights initialized.
2026-03-22 22:47:53,463 - INFO - [LOSS] Specialist Loss: alpha=[1.0545666648628056, 0.8195692625798998, 1.2907482668900867], gamma=2.58, smoothing=0.13 (Inherited: YES)
2026-03-22 22:48:18,456 - INFO - [Fold 0] E1/60 | Sniper: 0.2485 | F1_Dir: 0.2171 | F1_Macro: 0.3217
2026-03-22 22:48:29,057 - INFO - [Fold 0] E6/60 | Sniper: 0.2815 | F1_Dir: 0.2327 | F1_Macro: 0.3953
2026-03-22 22:48:39,673 - INFO - [Fold 0] E11/60 | Sniper: 0.2895 | F1_Dir: 0.2389 | F1_Macro: 0.4077
2026-03-22 22:48:50,389 - INFO - [Fold 0] E16/60 | Sniper: 0.3767 | F1_Dir: 0.3362 | F1_Macro: 0.4715
2026-03-22 22:49:00,870 - INFO - [Fold 0] E21/60 | Sniper: 0.3594 | F1_Dir: 0.3138 | F1_Macro: 0.4656
2026-03-22 22:49:11,505 - INFO - [Fold 0] E26/60 | Sniper: 0.4092 | F1_Dir: 0.3688 | F1_Macro: 0.5035
2026-03-22 22:49:22,246 - INFO - [Fold 0] E31/60 | Sniper: 0.4495 | F1_Dir: 0.4152 | F1_Macro: 0.5293
2026-03-22 22:49:24,420 - INFO - [Fold 0] Early stop at epoch 32.
2026-03-22 22:49:24,446 - INFO - [Fold 0] Model saved: model_fold_0.pt
2026-03-22 22:49:25,060 - INFO - [Fold 0] OOF Sniper: 0.4527 | Dir: 0.4170 | Macro: 0.5360
2026-03-22 22:49:25,176 - INFO - [Fold 0] Saved: fold_0.parquet (1,000 rows)
2026-03-22 22:49:25,353 - INFO - ============================================================
2026-03-22 22:49:25,353 - INFO - [KFOLD] FOLD 2/5 | Train: 3,984 rows | Test: 1,000 rows
2026-03-22 22:49:25,354 - INFO - [Fold 1] Left Purge Gap OK: 4 bars (20 min)
2026-03-22 22:49:25,354 - INFO - [Fold 1] Right Purge Gap OK: 4 bars (20 min)
2026-03-22 22:49:25,638 - INFO - 🔄 Warm-Starting from Foundation Checkpoint: /workspace/QuantGod_Cloud_TCNLSTM/RESULTADOS_PT_065_SL_033_lookahead_15min_DT_5000000_TT_5000_IT_1000_VT_144_CUSUM_22/2026_03_21/MODELOS/BASE_MODEL/best_tcn_lstm_dir.pt
2026-03-22 22:49:25,653 - INFO - 🔥 [Fold 1] WARM-START SUCCESS: Base weights initialized.
2026-03-22 22:49:25,658 - INFO - [LOSS] Specialist Loss: alpha=[1.0545666648628056, 0.8195692625798998, 1.2907482668900867], gamma=2.58, smoothing=0.13 (Inherited: YES)
2026-03-22 22:49:27,774 - INFO - [Fold 1] E1/60 | Sniper: 0.2654 | F1_Dir: 0.2333 | F1_Macro: 0.3403
2026-03-22 22:49:38,360 - INFO - [Fold 1] E6/60 | Sniper: 0.3399 | F1_Dir: 0.2972 | F1_Macro: 0.4395
2026-03-22 22:49:48,953 - INFO - [Fold 1] E11/60 | Sniper: 0.3782 | F1_Dir: 0.3370 | F1_Macro: 0.4743
2026-03-22 22:49:59,574 - INFO - [Fold 1] E16/60 | Sniper: 0.3649 | F1_Dir: 0.3236 | F1_Macro: 0.4613
2026-03-22 22:50:10,174 - INFO - [Fold 1] E21/60 | Sniper: 0.4573 | F1_Dir: 0.4229 | F1_Macro: 0.5374
2026-03-22 22:50:20,943 - INFO - [Fold 1] E26/60 | Sniper: 0.4425 | F1_Dir: 0.4089 | F1_Macro: 0.5209
2026-03-22 22:50:31,641 - INFO - [Fold 1] E31/60 | Sniper: 0.4243 | F1_Dir: 0.3893 | F1_Macro: 0.5061
2026-03-22 22:50:31,641 - INFO - [Fold 1] Early stop at epoch 31.
2026-03-22 22:50:31,663 - INFO - [Fold 1] Model saved: model_fold_1.pt
2026-03-22 22:50:32,288 - INFO - [Fold 1] OOF Sniper: 0.4573 | Dir: 0.4229 | Macro: 0.5374
2026-03-22 22:50:32,322 - INFO - [Fold 1] Saved: fold_1.parquet (1,000 rows)
2026-03-22 22:50:32,492 - INFO - ============================================================
2026-03-22 22:50:32,493 - INFO - [KFOLD] FOLD 3/5 | Train: 3,984 rows | Test: 1,000 rows
2026-03-22 22:50:32,493 - INFO - [Fold 2] Left Purge Gap OK: 4 bars (20 min)
2026-03-22 22:50:32,493 - INFO - [Fold 2] Right Purge Gap OK: 4 bars (20 min)
2026-03-22 22:50:32,771 - INFO - 🔄 Warm-Starting from Foundation Checkpoint: /workspace/QuantGod_Cloud_TCNLSTM/RESULTADOS_PT_065_SL_033_lookahead_15min_DT_5000000_TT_5000_IT_1000_VT_144_CUSUM_22/2026_03_21/MODELOS/BASE_MODEL/best_tcn_lstm_dir.pt
2026-03-22 22:50:32,786 - INFO - 🔥 [Fold 2] WARM-START SUCCESS: Base weights initialized.
2026-03-22 22:50:32,791 - INFO - [LOSS] Specialist Loss: alpha=[1.0545666648628056, 0.8195692625798998, 1.2907482668900867], gamma=2.58, smoothing=0.13 (Inherited: YES)
2026-03-22 22:50:34,910 - INFO - [Fold 2] E1/60 | Sniper: 0.2559 | F1_Dir: 0.2229 | F1_Macro: 0.3330
2026-03-22 22:50:45,548 - INFO - [Fold 2] E6/60 | Sniper: 0.2889 | F1_Dir: 0.2395 | F1_Macro: 0.4040
2026-03-22 22:50:56,159 - INFO - [Fold 2] E11/60 | Sniper: 0.3399 | F1_Dir: 0.2917 | F1_Macro: 0.4523
2026-03-22 22:51:06,837 - INFO - [Fold 2] E16/60 | Sniper: 0.3558 | F1_Dir: 0.3079 | F1_Macro: 0.4678
2026-03-22 22:51:17,511 - INFO - [Fold 2] E21/60 | Sniper: 0.4429 | F1_Dir: 0.4034 | F1_Macro: 0.5351
2026-03-22 22:51:28,166 - INFO - [Fold 2] E26/60 | Sniper: 0.4282 | F1_Dir: 0.3897 | F1_Macro: 0.5180
2026-03-22 22:51:38,972 - INFO - [Fold 2] E31/60 | Sniper: 0.4614 | F1_Dir: 0.4276 | F1_Macro: 0.5402
2026-03-22 22:51:49,779 - INFO - [Fold 2] E36/60 | Sniper: 0.4395 | F1_Dir: 0.4039 | F1_Macro: 0.5227
2026-03-22 22:52:00,471 - INFO - [Fold 2] E41/60 | Sniper: 0.4363 | F1_Dir: 0.4024 | F1_Macro: 0.5153
2026-03-22 22:52:00,471 - INFO - [Fold 2] Early stop at epoch 41.
2026-03-22 22:52:00,498 - INFO - [Fold 2] Model saved: model_fold_2.pt
2026-03-22 22:52:01,110 - INFO - [Fold 2] OOF Sniper: 0.4614 | Dir: 0.4276 | Macro: 0.5402
2026-03-22 22:52:01,131 - INFO - [Fold 2] Saved: fold_2.parquet (1,000 rows)
2026-03-22 22:52:01,298 - INFO - ============================================================
2026-03-22 22:52:01,298 - INFO - [KFOLD] FOLD 4/5 | Train: 3,984 rows | Test: 1,000 rows
2026-03-22 22:52:01,298 - INFO - [Fold 3] Left Purge Gap OK: 4 bars (20 min)
2026-03-22 22:52:01,299 - INFO - [Fold 3] Right Purge Gap OK: 4 bars (20 min)
2026-03-22 22:52:01,572 - INFO - 🔄 Warm-Starting from Foundation Checkpoint: /workspace/QuantGod_Cloud_TCNLSTM/RESULTADOS_PT_065_SL_033_lookahead_15min_DT_5000000_TT_5000_IT_1000_VT_144_CUSUM_22/2026_03_21/MODELOS/BASE_MODEL/best_tcn_lstm_dir.pt
2026-03-22 22:52:01,587 - INFO - 🔥 [Fold 3] WARM-START SUCCESS: Base weights initialized.
2026-03-22 22:52:01,592 - INFO - [LOSS] Specialist Loss: alpha=[1.0545666648628056, 0.8195692625798998, 1.2907482668900867], gamma=2.58, smoothing=0.13 (Inherited: YES)
2026-03-22 22:52:03,688 - INFO - [Fold 3] E1/60 | Sniper: 0.2637 | F1_Dir: 0.2301 | F1_Macro: 0.3419
2026-03-22 22:52:14,412 - INFO - [Fold 3] E6/60 | Sniper: 0.2964 | F1_Dir: 0.2490 | F1_Macro: 0.4068
2026-03-22 22:52:25,059 - INFO - [Fold 3] E11/60 | Sniper: 0.3102 | F1_Dir: 0.2616 | F1_Macro: 0.4236
2026-03-22 22:52:35,639 - INFO - [Fold 3] E16/60 | Sniper: 0.3917 | F1_Dir: 0.3498 | F1_Macro: 0.4897
2026-03-22 22:52:46,361 - INFO - [Fold 3] E21/60 | Sniper: 0.3985 | F1_Dir: 0.3558 | F1_Macro: 0.4983
2026-03-22 22:52:56,914 - INFO - [Fold 3] E26/60 | Sniper: 0.4457 | F1_Dir: 0.4100 | F1_Macro: 0.5290
2026-03-22 22:53:07,541 - INFO - [Fold 3] E31/60 | Sniper: 0.4811 | F1_Dir: 0.4505 | F1_Macro: 0.5524
2026-03-22 22:53:18,226 - INFO - [Fold 3] E36/60 | Sniper: 0.4308 | F1_Dir: 0.3936 | F1_Macro: 0.5177
2026-03-22 22:53:28,931 - INFO - [Fold 3] E41/60 | Sniper: 0.4442 | F1_Dir: 0.4064 | F1_Macro: 0.5323
2026-03-22 22:53:28,932 - INFO - [Fold 3] Early stop at epoch 41.
2026-03-22 22:53:28,968 - INFO - [Fold 3] Model saved: model_fold_3.pt
2026-03-22 22:53:29,583 - INFO - [Fold 3] OOF Sniper: 0.4811 | Dir: 0.4505 | Macro: 0.5524
2026-03-22 22:53:29,601 - INFO - [Fold 3] Saved: fold_3.parquet (1,000 rows)
2026-03-22 22:53:29,770 - INFO - ============================================================
2026-03-22 22:53:29,770 - INFO - [KFOLD] FOLD 5/5 | Train: 3,984 rows | Test: 1,000 rows
2026-03-22 22:53:29,770 - INFO - [Fold 4] Left Purge Gap OK: 4 bars (20 min)
2026-03-22 22:53:30,050 - INFO - 🔄 Warm-Starting from Foundation Checkpoint: /workspace/QuantGod_Cloud_TCNLSTM/RESULTADOS_PT_065_SL_033_lookahead_15min_DT_5000000_TT_5000_IT_1000_VT_144_CUSUM_22/2026_03_21/MODELOS/BASE_MODEL/best_tcn_lstm_dir.pt
2026-03-22 22:53:30,063 - INFO - 🔥 [Fold 4] WARM-START SUCCESS: Base weights initialized.
2026-03-22 22:53:30,068 - INFO - [LOSS] Specialist Loss: alpha=[1.0545666648628056, 0.8195692625798998, 1.2907482668900867], gamma=2.58, smoothing=0.13 (Inherited: YES)
2026-03-22 22:53:32,182 - INFO - [Fold 4] E1/60 | Sniper: 0.2584 | F1_Dir: 0.2274 | F1_Macro: 0.3306
2026-03-22 22:53:42,878 - INFO - [Fold 4] E6/60 | Sniper: 0.2993 | F1_Dir: 0.2536 | F1_Macro: 0.4059
2026-03-22 22:53:53,500 - INFO - [Fold 4] E11/60 | Sniper: 0.3220 | F1_Dir: 0.2713 | F1_Macro: 0.4403
2026-03-22 22:54:04,216 - INFO - [Fold 4] E16/60 | Sniper: 0.3891 | F1_Dir: 0.3486 | F1_Macro: 0.4834
2026-03-22 22:54:14,845 - INFO - [Fold 4] E21/60 | Sniper: 0.3825 | F1_Dir: 0.3379 | F1_Macro: 0.4868
2026-03-22 22:54:25,559 - INFO - [Fold 4] E26/60 | Sniper: 0.4285 | F1_Dir: 0.3906 | F1_Macro: 0.5171
2026-03-22 22:54:36,182 - INFO - [Fold 4] E31/60 | Sniper: 0.4341 | F1_Dir: 0.3951 | F1_Macro: 0.5252
2026-03-22 22:54:46,939 - INFO - [Fold 4] E36/60 | Sniper: 0.4418 | F1_Dir: 0.4063 | F1_Macro: 0.5246
2026-03-22 22:54:57,516 - INFO - [Fold 4] E41/60 | Sniper: 0.4480 | F1_Dir: 0.4133 | F1_Macro: 0.5291
2026-03-22 22:55:08,070 - INFO - [Fold 4] E46/60 | Sniper: 0.4491 | F1_Dir: 0.4139 | F1_Macro: 0.5312
2026-03-22 22:55:18,726 - INFO - [Fold 4] E51/60 | Sniper: 0.4496 | F1_Dir: 0.4150 | F1_Macro: 0.5304
2026-03-22 22:55:20,886 - INFO - [Fold 4] Early stop at epoch 52.
2026-03-22 22:55:20,928 - INFO - [Fold 4] Model saved: model_fold_4.pt
2026-03-22 22:55:21,530 - INFO - [Fold 4] OOF Sniper: 0.4688 | Dir: 0.4367 | Macro: 0.5436
2026-03-22 22:55:21,549 - INFO - [Fold 4] Saved: fold_4.parquet (1,000 rows)
2026-03-22 22:55:21,695 - INFO - Assembling full_oof.parquet (chronological order)...
2026-03-22 22:55:21,785 - INFO - full_oof.parquet: 5,000 rows | Coverage: 100.0% of Foundation Val
2026-03-22 22:55:21,785 - INFO - Expected: ~4,980 (after purge removal)
2026-03-22 22:55:21,788 - INFO - No duplicate rows in full_oof.parquet
2026-03-22 22:55:21,788 - INFO - Running Automated Specialist Security QA (pytest)...
2026-03-22 22:57:10,141 - INFO - [OK] Specialist QA Report saved to /workspace/QuantGod_Cloud_TCNLSTM/RESULTADOS_PT_065_SL_033_lookahead_15min_DT_5000000_TT_5000_IT_1000_VT_144_CUSUM_22/2026_03_21/MODELOS/SPECIALIST/kfold_security_QA.log
2026-03-22 22:57:10,141 - INFO - [END] K-Fold Specialist finished. Auditor fusion ready.
2026-03-22 22:57:10,237 - INFO - 📤 [AUDIT UPLOAD] Stage=KFOLD_SPECIALIST → drive:PROJETOS/RESULTADOS_PT_065_SL_033_lookahead_15min_DT_5000000_TT_5000_IT_1000_VT_144_CUSUM_22/2026_03_21/AUDITORIA/KFOLD_SPECIALIST
