2026-03-22 17:51:28,277 - INFO - 🖥️  Device: cuda
2026-03-22 17:51:28,277 - INFO - 🔄 Purge Dinamico Sniper ativado: 15min (horizon) + 1min (seguranca) = 16min
2026-03-22 17:51:28,280 - INFO - 📐 K-Fold Setup: 5 folds, purge=16min (4 bars), resample=5min
2026-03-22 17:51:28,286 - INFO - Loaded Foundation Arch (best_dir_params.json): seq_len=96, tcn=64, lstm=16×2
2026-03-22 17:51:28,295 - INFO - 📂 Foundation Val: 274 files in data/L2/labelled/val
2026-03-22 17:51:28,298 - INFO - 🔍 RAM-Safe Streaming Scan (Val): 274 arquivos...
2026-03-22 17:51:37,523 - INFO - ✂️ Double-Chunking (Val): Expondo fatias de 5,000 amostras aleatórias.
2026-03-22 17:51:37,523 - INFO - 🚀 Pre-loading 5,000 samples into RAM (Lightning Mode)...
2026-03-22 17:51:58,162 - INFO - ✅ RAM-Safe Streaming Dataset: 5,000 sequences indexed and PRE-LOADED.
2026-03-22 17:51:58,163 - INFO - ✅ RAM-Safe Streaming Dataset: 5,000 sequences indexed (Mode: Lightning).
2026-03-22 17:51:58,203 - INFO - 📐 Pre-scanning labels for class balance stats...
2026-03-22 17:51:58,577 - INFO - 📊 Foundation Val: 5,000 rows (Mapped) | Labels: 89,487,733
2026-03-22 17:51:58,635 - INFO - 📊 Class Distribution: Neutral=45.4%, Directional=54.6%
2026-03-22 17:51:58,635 - INFO - 🧬 Alphas Genetic Inheritance: [1.5713765808934599, 0.9208058305379897, 0.6967088731274514]
2026-03-22 17:51:58,636 - INFO - ============================================================
2026-03-22 17:51:58,636 - INFO - [KFOLD] FOLD 1/5 | Train: 3,984 rows | Test: 1,000 rows
2026-03-22 17:51:58,637 - INFO - [Fold 0] Right Purge Gap OK: 4 bars (20 min)
2026-03-22 17:51:58,865 - INFO - 🔄 Warm-Starting from Foundation Checkpoint: /workspace/QuantGod_Cloud_TCNLSTM/RESULTADOS_PT_065_SL_033_lookahead_15min_DT_5000000_TT_5000_IT_1000_VT_144_CUSUM_22/2026_03_21/MODELOS/BASE_MODEL/best_tcn_lstm_dir.pt
2026-03-22 17:51:58,898 - INFO - 🔥 [Fold 0] WARM-START SUCCESS: Base weights initialized.
2026-03-22 17:51:59,271 - INFO - [LOSS] Specialist Loss: alpha=[1.5713765808934599, 0.9208058305379897, 0.6967088731274514], gamma=2.36, smoothing=0.08 (Inherited: YES)
