2026-03-22 19:10:35,547 - INFO - 🖥️  Device: cuda
2026-03-22 19:10:35,547 - INFO - 🔄 Purge Dinamico Sniper ativado: 15min (horizon) + 1min (seguranca) = 16min
2026-03-22 19:10:35,551 - INFO - 📐 K-Fold Setup: 5 folds, purge=16min (4 bars), resample=5min
2026-03-22 19:10:35,557 - INFO - Loaded Foundation Arch (best_dir_params.json): seq_len=96, tcn=256, lstm=32×3
2026-03-22 19:10:35,565 - INFO - 📂 Foundation Val: 274 files in data/L2/labelled/val
2026-03-22 19:10:35,567 - INFO - 🔍 RAM-Safe Streaming Scan (Val): 274 arquivos...
2026-03-22 19:10:45,729 - INFO - ✂️ Double-Chunking (Val): Expondo fatias de 5,000 amostras aleatórias.
2026-03-22 19:10:45,729 - INFO - 🚀 Pre-loading 5,000 samples into RAM (Lightning Mode)...
2026-03-22 19:11:11,352 - INFO - ✅ RAM-Safe Streaming Dataset: 5,000 sequences indexed and PRE-LOADED.
2026-03-22 19:11:11,353 - INFO - ✅ RAM-Safe Streaming Dataset: 5,000 sequences indexed (Mode: Lightning).
2026-03-22 19:11:11,394 - INFO - 📐 Pre-scanning labels for class balance stats...
2026-03-22 19:11:11,756 - INFO - 📊 Foundation Val: 5,000 rows (Mapped) | Labels: 89,487,733
2026-03-22 19:11:11,821 - INFO - 📊 Class Distribution: Neutral=45.4%, Directional=54.6%
2026-03-22 19:11:11,821 - INFO - 🧬 Alphas Genetic Inheritance: [0.817893223668256, 0.9833597476166003, 1.19830507425308]
2026-03-22 19:11:11,822 - INFO - ============================================================
2026-03-22 19:11:11,822 - INFO - [KFOLD] FOLD 1/5 | Train: 3,984 rows | Test: 1,000 rows
2026-03-22 19:11:11,823 - INFO - [Fold 0] Right Purge Gap OK: 4 bars (20 min)
2026-03-22 19:11:12,046 - INFO - 🔄 Warm-Starting from Foundation Checkpoint: /workspace/QuantGod_Cloud_TCNLSTM/RESULTADOS_PT_065_SL_033_lookahead_15min_DT_5000000_TT_5000_IT_1000_VT_144_CUSUM_22/2026_03_21/MODELOS/BASE_MODEL/best_tcn_lstm_dir.pt
2026-03-22 19:11:12,104 - INFO - 🔥 [Fold 0] WARM-START SUCCESS: Base weights initialized.
2026-03-22 19:11:12,487 - INFO - [LOSS] Specialist Loss: alpha=[0.817893223668256, 0.9833597476166003, 1.19830507425308], gamma=1.65, smoothing=0.29 (Inherited: YES)
2026-03-22 19:11:32,674 - INFO - [Fold 0] E1/60 | Sniper: 0.2799 | F1_Dir: 0.2298 | F1_Macro: 0.3968
2026-03-22 19:11:43,688 - INFO - [Fold 0] E6/60 | Sniper: 0.3078 | F1_Dir: 0.2564 | F1_Macro: 0.4277
2026-03-22 19:11:54,783 - INFO - [Fold 0] E11/60 | Sniper: 0.3138 | F1_Dir: 0.2609 | F1_Macro: 0.4374
2026-03-22 19:12:05,710 - INFO - [Fold 0] E16/60 | Sniper: 0.3182 | F1_Dir: 0.2656 | F1_Macro: 0.4411
2026-03-22 19:12:14,491 - INFO - [Fold 0] Early stop at epoch 20.
2026-03-22 19:12:14,532 - INFO - [Fold 0] Model saved: model_fold_0.pt
2026-03-22 19:12:15,161 - INFO - [Fold 0] OOF Sniper: 0.3197 | Dir: 0.2668 | Macro: 0.4430
