2026-03-23 02:25:53,081 - INFO - 🖥️  Device: cuda
2026-03-23 02:25:53,081 - INFO - 🔄 Purge Dinamico Sniper ativado: 15min (horizon) + 1min (seguranca) = 16min
2026-03-23 02:25:53,085 - INFO - 📐 K-Fold Setup: 5 folds, purge=16min (4 bars), resample=5min
2026-03-23 02:25:53,093 - INFO - Loaded Foundation Arch (best_dir_params.json): seq_len=96, tcn=64, lstm=32×2
2026-03-23 02:25:53,102 - INFO - 📂 Foundation Val: 274 files in data/L2/labelled/val
2026-03-23 02:25:53,111 - INFO - 🔍 RAM-Safe Streaming Scan (Val): 274 arquivos...
2026-03-23 02:26:03,304 - INFO - ✂️ Double-Chunking (Val): Expondo fatias de 5,000 amostras aleatórias.
2026-03-23 02:26:03,305 - INFO - 🚀 Pre-loading 5,000 samples into RAM (Lightning Mode)...
2026-03-23 02:26:24,229 - INFO - ✅ RAM-Safe Streaming Dataset: 5,000 sequences indexed and PRE-LOADED.
2026-03-23 02:26:24,230 - INFO - ✅ RAM-Safe Streaming Dataset: 5,000 sequences indexed (Mode: Lightning).
2026-03-23 02:26:24,271 - INFO - 📐 Pre-scanning labels for class balance stats...
2026-03-23 02:26:24,732 - INFO - 📊 Foundation Val: 5,000 rows (Mapped) | Labels: 89,487,733
2026-03-23 02:26:24,804 - INFO - 📊 Class Distribution: Neutral=45.4%, Directional=54.6%
2026-03-23 02:26:24,804 - INFO - 🧬 Alphas Genetic Inheritance: [1.1510968939811397, 0.5517862497690256, 1.660271479972985]
2026-03-23 02:26:24,804 - INFO - ============================================================
2026-03-23 02:26:24,805 - INFO - [KFOLD] FOLD 1/5 | Train: 3,984 rows | Test: 1,000 rows
2026-03-23 02:26:24,806 - INFO - [Fold 0] Right Purge Gap OK: 4 bars (20 min)
2026-03-23 02:26:25,268 - INFO - 🔄 Warm-Starting from Foundation Checkpoint: /workspace/QuantGod_Cloud_TCNLSTM/RESULTADOS_PT_065_SL_033_lookahead_15min_DT_5000000_TT_5000_IT_1000_VT_144_CUSUM_22/2026_03_21/MODELOS/BASE_MODEL/best_tcn_lstm_dir.pt
2026-03-23 02:26:25,309 - INFO - 🔥 [Fold 0] WARM-START SUCCESS: Base weights initialized.
2026-03-23 02:26:25,814 - INFO - [LOSS] Specialist Loss: alpha=[1.1510968939811397, 0.5517862497690256, 1.660271479972985], gamma=2.80, smoothing=0.29 (Inherited: YES)
2026-03-23 02:26:54,684 - INFO - [Fold 0] E1/2 | Sniper: 0.1736 | F1_Dir: 0.1929 | F1_Macro: 0.1286
2026-03-23 02:26:56,867 - INFO - [Fold 0] E2/2 | Sniper: 0.1736 | F1_Dir: 0.1929 | F1_Macro: 0.1286
2026-03-23 02:26:56,887 - INFO - [Fold 0] Model saved: model_fold_0.pt
2026-03-23 02:26:57,516 - INFO - [Fold 0] OOF Sniper: 0.1736 | Dir: 0.1929 | Macro: 0.1286
2026-03-23 02:26:57,687 - INFO - [Fold 0] Saved: fold_0.parquet (1,000 rows)
2026-03-23 02:26:57,852 - INFO - ============================================================
2026-03-23 02:26:57,852 - INFO - [KFOLD] FOLD 2/5 | Train: 3,984 rows | Test: 1,000 rows
2026-03-23 02:26:57,852 - INFO - [Fold 1] Left Purge Gap OK: 4 bars (20 min)
2026-03-23 02:26:57,853 - INFO - [Fold 1] Right Purge Gap OK: 4 bars (20 min)
2026-03-23 02:26:58,012 - INFO - 🔄 Warm-Starting from Foundation Checkpoint: /workspace/QuantGod_Cloud_TCNLSTM/RESULTADOS_PT_065_SL_033_lookahead_15min_DT_5000000_TT_5000_IT_1000_VT_144_CUSUM_22/2026_03_21/MODELOS/BASE_MODEL/best_tcn_lstm_dir.pt
2026-03-23 02:26:58,027 - INFO - 🔥 [Fold 1] WARM-START SUCCESS: Base weights initialized.
2026-03-23 02:26:58,031 - INFO - [LOSS] Specialist Loss: alpha=[1.1510968939811397, 0.5517862497690256, 1.660271479972985], gamma=2.80, smoothing=0.29 (Inherited: YES)
2026-03-23 02:27:00,187 - INFO - [Fold 1] E1/2 | Sniper: 0.1812 | F1_Dir: 0.2013 | F1_Macro: 0.1342
2026-03-23 02:27:02,343 - INFO - [Fold 1] E2/2 | Sniper: 0.1812 | F1_Dir: 0.2013 | F1_Macro: 0.1342
2026-03-23 02:27:02,365 - INFO - [Fold 1] Model saved: model_fold_1.pt
2026-03-23 02:27:02,999 - INFO - [Fold 1] OOF Sniper: 0.1812 | Dir: 0.2013 | Macro: 0.1342
2026-03-23 02:27:03,024 - INFO - [Fold 1] Saved: fold_1.parquet (1,000 rows)
2026-03-23 02:27:03,190 - INFO - ============================================================
2026-03-23 02:27:03,191 - INFO - [KFOLD] FOLD 3/5 | Train: 3,984 rows | Test: 1,000 rows
2026-03-23 02:27:03,191 - INFO - [Fold 2] Left Purge Gap OK: 4 bars (20 min)
2026-03-23 02:27:03,191 - INFO - [Fold 2] Right Purge Gap OK: 4 bars (20 min)
2026-03-23 02:27:03,347 - INFO - 🔄 Warm-Starting from Foundation Checkpoint: /workspace/QuantGod_Cloud_TCNLSTM/RESULTADOS_PT_065_SL_033_lookahead_15min_DT_5000000_TT_5000_IT_1000_VT_144_CUSUM_22/2026_03_21/MODELOS/BASE_MODEL/best_tcn_lstm_dir.pt
2026-03-23 02:27:03,363 - INFO - 🔥 [Fold 2] WARM-START SUCCESS: Base weights initialized.
2026-03-23 02:27:03,367 - INFO - [LOSS] Specialist Loss: alpha=[1.1510968939811397, 0.5517862497690256, 1.660271479972985], gamma=2.80, smoothing=0.29 (Inherited: YES)
2026-03-23 02:27:05,488 - INFO - [Fold 2] E1/2 | Sniper: 0.2002 | F1_Dir: 0.2224 | F1_Macro: 0.1483
2026-03-23 02:27:07,655 - INFO - [Fold 2] E2/2 | Sniper: 0.2002 | F1_Dir: 0.2224 | F1_Macro: 0.1483
2026-03-23 02:27:07,765 - INFO - [Fold 2] Model saved: model_fold_2.pt
2026-03-23 02:27:08,396 - INFO - [Fold 2] OOF Sniper: 0.2002 | Dir: 0.2224 | Macro: 0.1483
2026-03-23 02:27:08,420 - INFO - [Fold 2] Saved: fold_2.parquet (1,000 rows)
2026-03-23 02:27:08,584 - INFO - ============================================================
2026-03-23 02:27:08,585 - INFO - [KFOLD] FOLD 4/5 | Train: 3,984 rows | Test: 1,000 rows
2026-03-23 02:27:08,585 - INFO - [Fold 3] Left Purge Gap OK: 4 bars (20 min)
2026-03-23 02:27:08,585 - INFO - [Fold 3] Right Purge Gap OK: 4 bars (20 min)
2026-03-23 02:27:08,737 - INFO - 🔄 Warm-Starting from Foundation Checkpoint: /workspace/QuantGod_Cloud_TCNLSTM/RESULTADOS_PT_065_SL_033_lookahead_15min_DT_5000000_TT_5000_IT_1000_VT_144_CUSUM_22/2026_03_21/MODELOS/BASE_MODEL/best_tcn_lstm_dir.pt
2026-03-23 02:27:08,754 - INFO - 🔥 [Fold 3] WARM-START SUCCESS: Base weights initialized.
2026-03-23 02:27:08,757 - INFO - [LOSS] Specialist Loss: alpha=[1.1510968939811397, 0.5517862497690256, 1.660271479972985], gamma=2.80, smoothing=0.29 (Inherited: YES)
2026-03-23 02:27:10,860 - INFO - [Fold 3] E1/2 | Sniper: 0.2082 | F1_Dir: 0.2314 | F1_Macro: 0.1542
2026-03-23 02:27:13,051 - INFO - [Fold 3] E2/2 | Sniper: 0.2082 | F1_Dir: 0.2314 | F1_Macro: 0.1542
2026-03-23 02:27:13,073 - INFO - [Fold 3] Model saved: model_fold_3.pt
2026-03-23 02:27:13,704 - INFO - [Fold 3] OOF Sniper: 0.2082 | Dir: 0.2314 | Macro: 0.1542
2026-03-23 02:27:13,723 - INFO - [Fold 3] Saved: fold_3.parquet (1,000 rows)
2026-03-23 02:27:13,892 - INFO - ============================================================
2026-03-23 02:27:13,892 - INFO - [KFOLD] FOLD 5/5 | Train: 3,984 rows | Test: 1,000 rows
2026-03-23 02:27:13,893 - INFO - [Fold 4] Left Purge Gap OK: 4 bars (20 min)
2026-03-23 02:27:14,058 - INFO - 🔄 Warm-Starting from Foundation Checkpoint: /workspace/QuantGod_Cloud_TCNLSTM/RESULTADOS_PT_065_SL_033_lookahead_15min_DT_5000000_TT_5000_IT_1000_VT_144_CUSUM_22/2026_03_21/MODELOS/BASE_MODEL/best_tcn_lstm_dir.pt
2026-03-23 02:27:14,077 - INFO - 🔥 [Fold 4] WARM-START SUCCESS: Base weights initialized.
2026-03-23 02:27:14,080 - INFO - [LOSS] Specialist Loss: alpha=[1.1510968939811397, 0.5517862497690256, 1.660271479972985], gamma=2.80, smoothing=0.29 (Inherited: YES)
2026-03-23 02:27:16,260 - INFO - [Fold 4] E1/2 | Sniper: 0.1840 | F1_Dir: 0.2045 | F1_Macro: 0.1363
2026-03-23 02:27:18,422 - INFO - [Fold 4] E2/2 | Sniper: 0.1840 | F1_Dir: 0.2045 | F1_Macro: 0.1363
2026-03-23 02:27:18,444 - INFO - [Fold 4] Model saved: model_fold_4.pt
2026-03-23 02:27:19,074 - INFO - [Fold 4] OOF Sniper: 0.1840 | Dir: 0.2045 | Macro: 0.1363
2026-03-23 02:27:19,092 - INFO - [Fold 4] Saved: fold_4.parquet (1,000 rows)
2026-03-23 02:27:19,257 - INFO - Assembling full_oof.parquet (chronological order)...
2026-03-23 02:27:19,357 - INFO - full_oof.parquet: 5,000 rows | Coverage: 100.0% of Foundation Val
2026-03-23 02:27:19,357 - INFO - Expected: ~4,980 (after purge removal)
2026-03-23 02:27:19,361 - INFO - No duplicate rows in full_oof.parquet
2026-03-23 02:27:19,361 - INFO - Running Automated Specialist Security QA (pytest)...
2026-03-23 02:28:25,907 - INFO - [OK] Specialist QA Report saved to /workspace/QuantGod_Cloud_TCNLSTM/RESULTADOS_PT_065_SL_033_lookahead_15min_DT_5000000_TT_5000_IT_1000_VT_144_CUSUM_22/2026_03_21/MODELOS/SPECIALIST/kfold_security_QA.log
2026-03-23 02:28:25,911 - INFO - [END] K-Fold Specialist finished. Auditor fusion ready.
2026-03-23 02:28:25,979 - INFO - 📤 [AUDIT UPLOAD] Stage=KFOLD_SPECIALIST → drive:PROJETOS/RESULTADOS_PT_065_SL_033_lookahead_15min_DT_5000000_TT_5000_IT_1000_VT_144_CUSUM_22/2026_03_21/AUDITORIA/KFOLD_SPECIALIST
