2026-03-10 20:56:14,627 - INFO - 🖥️  Device: cuda
2026-03-10 20:56:14,656 - INFO - 📐 K-Fold Setup: 5 folds, purge=15min (3 bars), resample=5min
2026-03-10 20:56:14,720 - INFO - Loaded Foundation Arch: seq_len=120, tcn=64, lstm=128×3
2026-03-10 20:56:14,739 - INFO - 📂 Foundation Val: 340 files in data/L2/labelled/val
2026-03-10 20:56:33,359 - INFO - 📊 Foundation Val: 97,885 rows | SELL=5,684 NEU=86,627 BUY=5,574
2026-03-10 20:56:33,362 - INFO - ============================================================
2026-03-10 20:56:33,362 - INFO - 🔁 FOLD 1/5 | Train: 78,296 rows | Test: 19,577 rows
2026-03-10 20:56:33,364 - INFO - [Fold 0] ✅ Right Purge Gap OK: 3 bars (15 min)
2026-03-10 20:56:33,461 - INFO - [Fold 0] Scaler saved: scaler_fold_0.pkl
2026-03-10 20:56:33,462 - INFO - SequenceDataset: 45924/78177 valid sequences (Lookback protection active).
2026-03-10 20:56:33,462 - INFO - SequenceDataset: 11485/19458 valid sequences (Lookback protection active).
2026-03-10 20:56:33,717 - INFO - 🔥 [Fold 0] WARM-START SUCCESS: Base weights initialized.
2026-03-10 20:56:34,940 - INFO - ⚖️ Specialist Loss: alpha=[4.85, 0.38, 4.61], gamma=1.58, smoothing=0.06 (Inherited: True)
2026-03-10 20:58:04,209 - INFO - [Fold 0] E1/30 | Sniper: 0.1454 | F1_Dir: 0.0963 | F1_Macro: 0.2601
2026-03-10 20:58:20,030 - INFO - [Fold 0] E6/30 | Sniper: 0.2062 | F1_Dir: 0.1670 | F1_Macro: 0.2976
2026-03-10 20:58:36,351 - INFO - [Fold 0] E11/30 | Sniper: 0.2105 | F1_Dir: 0.1705 | F1_Macro: 0.3039
2026-03-10 20:58:53,607 - INFO - [Fold 0] E16/30 | Sniper: 0.2204 | F1_Dir: 0.1798 | F1_Macro: 0.3149
2026-03-10 20:59:10,223 - INFO - [Fold 0] E21/30 | Sniper: 0.2137 | F1_Dir: 0.1757 | F1_Macro: 0.3023
2026-03-10 20:59:10,228 - INFO - [Fold 0] Early stop at epoch 21.
2026-03-10 20:59:10,287 - INFO - [Fold 0] Model saved: model_fold_0.pt
2026-03-10 20:59:10,288 - INFO - SequenceDataset: 11485/19458 valid sequences (Lookback protection active).
2026-03-10 20:59:11,745 - INFO - [Fold 0] OOF Sniper: 0.2207 | Dir: 0.1806 | Macro: 0.3142
2026-03-10 20:59:12,059 - INFO - [Fold 0] Saved: fold_0.parquet (11,485 rows)
2026-03-10 20:59:12,258 - INFO - ============================================================
2026-03-10 20:59:12,258 - INFO - 🔁 FOLD 2/5 | Train: 78,296 rows | Test: 19,577 rows
2026-03-10 20:59:12,259 - INFO - [Fold 1] ✅ Left Purge Gap OK: 3 bars (15 min)
2026-03-10 20:59:12,259 - INFO - [Fold 1] ✅ Right Purge Gap OK: 3 bars (15 min)
2026-03-10 20:59:12,333 - INFO - [Fold 1] Scaler saved: scaler_fold_1.pkl
2026-03-10 20:59:12,334 - INFO - SequenceDataset: 45917/78177 valid sequences (Lookback protection active).
2026-03-10 20:59:12,334 - INFO - SequenceDataset: 11478/19458 valid sequences (Lookback protection active).
2026-03-10 20:59:12,391 - INFO - 🔥 [Fold 1] WARM-START SUCCESS: Base weights initialized.
2026-03-10 20:59:12,398 - INFO - ⚖️ Specialist Loss: alpha=[4.85, 0.38, 4.61], gamma=1.58, smoothing=0.06 (Inherited: True)
2026-03-10 20:59:16,157 - INFO - [Fold 1] E1/30 | Sniper: 0.1978 | F1_Dir: 0.1440 | F1_Macro: 0.3234
2026-03-10 20:59:27,950 - INFO - [Fold 1] Early stop at epoch 5.
2026-03-10 20:59:28,385 - INFO - [Fold 1] Model saved: model_fold_1.pt
2026-03-10 20:59:28,386 - INFO - SequenceDataset: 11478/19458 valid sequences (Lookback protection active).
2026-03-10 20:59:29,059 - INFO - [Fold 1] OOF Sniper: 0.1978 | Dir: 0.1440 | Macro: 0.3234
2026-03-10 20:59:29,109 - INFO - [Fold 1] Saved: fold_1.parquet (11,478 rows)
2026-03-10 20:59:29,304 - INFO - ============================================================
2026-03-10 20:59:29,305 - INFO - 🔁 FOLD 3/5 | Train: 78,296 rows | Test: 19,577 rows
2026-03-10 20:59:29,305 - INFO - [Fold 2] ✅ Left Purge Gap OK: 3 bars (15 min)
2026-03-10 20:59:29,305 - INFO - [Fold 2] ✅ Right Purge Gap OK: 3 bars (15 min)
2026-03-10 20:59:29,707 - INFO - [Fold 2] Scaler saved: scaler_fold_2.pkl
2026-03-10 20:59:29,708 - INFO - SequenceDataset: 45928/78177 valid sequences (Lookback protection active).
2026-03-10 20:59:29,708 - INFO - SequenceDataset: 11463/19458 valid sequences (Lookback protection active).
2026-03-10 20:59:29,784 - INFO - 🔥 [Fold 2] WARM-START SUCCESS: Base weights initialized.
2026-03-10 20:59:29,790 - INFO - ⚖️ Specialist Loss: alpha=[4.85, 0.38, 4.61], gamma=1.58, smoothing=0.06 (Inherited: True)
2026-03-10 20:59:32,747 - INFO - [Fold 2] E1/30 | Sniper: 0.1663 | F1_Dir: 0.1020 | F1_Macro: 0.3163
2026-03-10 20:59:49,551 - INFO - [Fold 2] E6/30 | Sniper: 0.1682 | F1_Dir: 0.1094 | F1_Macro: 0.3054
2026-03-10 21:00:06,440 - INFO - [Fold 2] E11/30 | Sniper: 0.1812 | F1_Dir: 0.1215 | F1_Macro: 0.3204
2026-03-10 21:00:19,927 - INFO - [Fold 2] Early stop at epoch 15.
2026-03-10 21:00:20,105 - INFO - [Fold 2] Model saved: model_fold_2.pt
2026-03-10 21:00:20,106 - INFO - SequenceDataset: 11463/19458 valid sequences (Lookback protection active).
2026-03-10 21:00:21,027 - INFO - [Fold 2] OOF Sniper: 0.1812 | Dir: 0.1215 | Macro: 0.3204
2026-03-10 21:00:21,074 - INFO - [Fold 2] Saved: fold_2.parquet (11,463 rows)
2026-03-10 21:00:21,272 - INFO - ============================================================
2026-03-10 21:00:21,272 - INFO - 🔁 FOLD 4/5 | Train: 78,296 rows | Test: 19,577 rows
2026-03-10 21:00:21,273 - INFO - [Fold 3] ✅ Left Purge Gap OK: 3 bars (15 min)
2026-03-10 21:00:21,273 - INFO - [Fold 3] ✅ Right Purge Gap OK: 3 bars (15 min)
2026-03-10 21:00:21,342 - INFO - [Fold 3] Scaler saved: scaler_fold_3.pkl
2026-03-10 21:00:21,343 - INFO - SequenceDataset: 45923/78177 valid sequences (Lookback protection active).
2026-03-10 21:00:21,343 - INFO - SequenceDataset: 11481/19458 valid sequences (Lookback protection active).
2026-03-10 21:00:21,402 - INFO - 🔥 [Fold 3] WARM-START SUCCESS: Base weights initialized.
2026-03-10 21:00:21,409 - INFO - ⚖️ Specialist Loss: alpha=[4.85, 0.38, 4.61], gamma=1.58, smoothing=0.06 (Inherited: True)
2026-03-10 21:00:25,258 - INFO - [Fold 3] E1/30 | Sniper: 0.2398 | F1_Dir: 0.2136 | F1_Macro: 0.3008
2026-03-10 21:00:38,440 - INFO - [Fold 3] Early stop at epoch 5.
2026-03-10 21:00:38,644 - INFO - [Fold 3] Model saved: model_fold_3.pt
2026-03-10 21:00:38,645 - INFO - SequenceDataset: 11481/19458 valid sequences (Lookback protection active).
2026-03-10 21:00:39,427 - INFO - [Fold 3] OOF Sniper: 0.2398 | Dir: 0.2136 | Macro: 0.3008
2026-03-10 21:00:39,805 - INFO - [Fold 3] Saved: fold_3.parquet (11,481 rows)
2026-03-10 21:00:40,002 - INFO - ============================================================
2026-03-10 21:00:40,002 - INFO - 🔁 FOLD 5/5 | Train: 78,296 rows | Test: 19,577 rows
2026-03-10 21:00:40,003 - INFO - [Fold 4] ✅ Left Purge Gap OK: 3 bars (15 min)
2026-03-10 21:00:40,064 - INFO - [Fold 4] Scaler saved: scaler_fold_4.pkl
2026-03-10 21:00:40,065 - INFO - SequenceDataset: 45927/78177 valid sequences (Lookback protection active).
2026-03-10 21:00:40,065 - INFO - SequenceDataset: 11485/19458 valid sequences (Lookback protection active).
2026-03-10 21:00:40,119 - INFO - 🔥 [Fold 4] WARM-START SUCCESS: Base weights initialized.
2026-03-10 21:00:40,126 - INFO - ⚖️ Specialist Loss: alpha=[4.85, 0.38, 4.61], gamma=1.58, smoothing=0.06 (Inherited: True)
2026-03-10 21:00:44,027 - INFO - [Fold 4] E1/30 | Sniper: 0.2763 | F1_Dir: 0.2371 | F1_Macro: 0.3678
2026-03-10 21:00:56,672 - INFO - [Fold 4] Early stop at epoch 5.
2026-03-10 21:00:56,947 - INFO - [Fold 4] Model saved: model_fold_4.pt
2026-03-10 21:00:56,947 - INFO - SequenceDataset: 11485/19458 valid sequences (Lookback protection active).
2026-03-10 21:00:57,815 - INFO - [Fold 4] OOF Sniper: 0.2763 | Dir: 0.2371 | Macro: 0.3678
2026-03-10 21:00:57,878 - INFO - [Fold 4] Saved: fold_4.parquet (11,485 rows)
2026-03-10 21:00:58,081 - INFO - ============================================================
2026-03-10 21:00:58,081 - INFO - 📦 Assembling full_oof.parquet (chronological order)...
2026-03-10 21:00:58,783 - INFO - ✅ full_oof.parquet: 57,392 rows | Coverage: 58.6% of Foundation Val
2026-03-10 21:00:58,783 - INFO -    Expected: ~97,870 (after purge removal)
2026-03-10 21:00:58,793 - INFO - ✅ No duplicate rows in full_oof.parquet
2026-03-10 21:00:58,793 - INFO - 🧪 Running Automated Specialist Security QA (pytest)...
2026-03-10 21:03:40,003 - INFO - ✅ Specialist QA Report saved to RESULTADOS_SELL_00030_BUY_00030_15min/08_03_2026_v000/MODELOS/SPECIALIST/kfold_security_QA.log
2026-03-10 21:03:40,004 - INFO - 🏁 K-Fold Specialist finished. Auditor fusion ready.
2026-03-10 21:03:40,086 - INFO - 📤 [AUDIT UPLOAD] Stage=KFOLD_SPECIALIST → drive:PROJETOS/RESULTADOS_SELL_0003_BUY_0003_15min_lookahead_120min_lookback_5min/10_03_2026_v000/AUDITORIA/KFOLD_SPECIALIST
