2026-03-10 21:07:28,889 - INFO - Carregando dados fundidos de data/auditor/dataset_fused...
2026-03-10 21:07:29,188 - INFO - Tamanho Treino: 27445 | Tamanho Val: 6862
2026-03-10 21:07:29,188 - INFO - Ocorrência de Acertos (1) no Treino: 49.58%
2026-03-10 21:07:29,189 - INFO - Ocorrência de Acertos (1) no Val: 61.95%
2026-03-10 21:08:38,622 - INFO - Iniciando treinamento do XGBoost Meta-Labeler...
2026-03-10 21:08:40,542 - INFO - Treinamento finalizado. Gerando métricas de validação...
2026-03-10 21:08:40,603 - INFO - === Calibração de Threshold do Auditor (F-Beta 0.5) ===
2026-03-10 21:08:40,613 - INFO - Threshold 0.50 -> Prec: 0.9795 | Rec: 0.9464 | F-0.5: 0.9727
2026-03-10 21:08:40,620 - INFO - Threshold 0.52 -> Prec: 0.9798 | Rec: 0.9461 | F-0.5: 0.9729
2026-03-10 21:08:40,627 - INFO - Threshold 0.54 -> Prec: 0.9800 | Rec: 0.9454 | F-0.5: 0.9729
2026-03-10 21:08:40,634 - INFO - Threshold 0.56 -> Prec: 0.9805 | Rec: 0.9445 | F-0.5: 0.9731
2026-03-10 21:08:40,641 - INFO - Threshold 0.58 -> Prec: 0.9807 | Rec: 0.9438 | F-0.5: 0.9731
2026-03-10 21:08:40,648 - INFO - Threshold 0.60 -> Prec: 0.9807 | Rec: 0.9433 | F-0.5: 0.9730
2026-03-10 21:08:40,654 - INFO - Threshold 0.62 -> Prec: 0.9809 | Rec: 0.9428 | F-0.5: 0.9731
2026-03-10 21:08:40,661 - INFO - Threshold 0.64 -> Prec: 0.9814 | Rec: 0.9424 | F-0.5: 0.9733
2026-03-10 21:08:40,668 - INFO - Threshold 0.66 -> Prec: 0.9818 | Rec: 0.9412 | F-0.5: 0.9734
2026-03-10 21:08:40,675 - INFO - Threshold 0.68 -> Prec: 0.9818 | Rec: 0.9402 | F-0.5: 0.9732
2026-03-10 21:08:40,682 - INFO - Threshold 0.70 -> Prec: 0.9818 | Rec: 0.9395 | F-0.5: 0.9731
2026-03-10 21:08:40,689 - INFO - Threshold 0.72 -> Prec: 0.9820 | Rec: 0.9388 | F-0.5: 0.9731
2026-03-10 21:08:40,695 - INFO - Threshold 0.74 -> Prec: 0.9823 | Rec: 0.9381 | F-0.5: 0.9731
2026-03-10 21:08:40,702 - INFO - Threshold 0.76 -> Prec: 0.9825 | Rec: 0.9370 | F-0.5: 0.9730
2026-03-10 21:08:40,709 - INFO - Threshold 0.78 -> Prec: 0.9824 | Rec: 0.9348 | F-0.5: 0.9725
2026-03-10 21:08:40,716 - INFO - Threshold 0.80 -> Prec: 0.9829 | Rec: 0.9327 | F-0.5: 0.9724
2026-03-10 21:08:40,723 - INFO - Threshold 0.82 -> Prec: 0.9831 | Rec: 0.9297 | F-0.5: 0.9719
2026-03-10 21:08:40,730 - INFO - Threshold 0.84 -> Prec: 0.9833 | Rec: 0.9264 | F-0.5: 0.9713
2026-03-10 21:08:40,737 - INFO - Threshold 0.86 -> Prec: 0.9837 | Rec: 0.9217 | F-0.5: 0.9706
2026-03-10 21:08:40,743 - INFO - Threshold 0.88 -> Prec: 0.9836 | Rec: 0.9144 | F-0.5: 0.9689
2026-03-10 21:08:40,750 - INFO - Threshold 0.90 -> Prec: 0.9838 | Rec: 0.9019 | F-0.5: 0.9663
2026-03-10 21:08:40,757 - INFO - Threshold 0.92 -> Prec: 0.9837 | Rec: 0.8817 | F-0.5: 0.9615
2026-03-10 21:08:40,764 - INFO - Threshold 0.94 -> Prec: 0.9838 | Rec: 0.8407 | F-0.5: 0.9514
2026-03-10 21:08:40,764 - INFO - 🚀 Melhor Threshold Automático Escolhido (F-0.5 Máximo): 0.66 (F: 0.9734)

2026-03-10 21:08:40,773 - INFO - === Performance Final do XGBoost Auditor (Threshold: 0.66) ===
2026-03-10 21:08:40,774 - INFO - Accuracy: 0.9528 | F1-Score (Acertos): 0.9611 | ROC-AUC: 0.9675
2026-03-10 21:08:40,779 - INFO - Relatório de Classificação:
              precision    recall  f1-score   support

    ERRO (0)       0.91      0.97      0.94      2611
  ACERTO (1)       0.98      0.94      0.96      4251

    accuracy                           0.95      6862
   macro avg       0.95      0.96      0.95      6862
weighted avg       0.95      0.95      0.95      6862

2026-03-10 21:08:40,780 - INFO - Feature Importance (Top 10):
2026-03-10 21:08:40,780 - INFO -   spec_prob_neu       : 0.4809
2026-03-10 21:08:40,780 - INFO -   spec_prob_buy       : 0.1123
2026-03-10 21:08:40,781 - INFO -   spec_prob_sell      : 0.1000
2026-03-10 21:08:40,781 - INFO -   vol_zscore_1h       : 0.0268
2026-03-10 21:08:40,781 - INFO -   vol_1h              : 0.0228
2026-03-10 21:08:40,781 - INFO -   ema_cross_dist      : 0.0227
2026-03-10 21:08:40,781 - INFO -   vwap_zscore         : 0.0221
2026-03-10 21:08:40,781 - INFO -   adx_14              : 0.0221
2026-03-10 21:08:40,781 - INFO -   base_prob_sell      : 0.0220
2026-03-10 21:08:40,782 - INFO -   atr_norm            : 0.0220
2026-03-10 21:08:40,782 - INFO -                                                             
2026-03-10 21:08:40,782 - INFO - === Output Quádruplo Final (Amostra do Val Set) ===
2026-03-10 21:08:40,783 - INFO - 🎯 [Label: SELL    | Score_DNN: 0.43 | Status_XGB: Nao_Executa | Proba_XGBoost: 0.03]  --> Realidade: Errou
2026-03-10 21:08:40,784 - INFO - 🎯 [Label: NEUTRAL | Score_DNN: 0.48 | Status_XGB: Executa     | Proba_XGBoost: 0.96]  --> Realidade: Acertou
2026-03-10 21:08:40,784 - INFO - 🎯 [Label: NEUTRAL | Score_DNN: 0.68 | Status_XGB: Executa     | Proba_XGBoost: 0.99]  --> Realidade: Acertou
2026-03-10 21:08:40,784 - INFO - 🎯 [Label: BUY     | Score_DNN: 0.39 | Status_XGB: Nao_Executa | Proba_XGBoost: 0.14]  --> Realidade: Errou
2026-03-10 21:08:40,784 - INFO - 🎯 [Label: SELL    | Score_DNN: 0.39 | Status_XGB: Nao_Executa | Proba_XGBoost: 0.05]  --> Realidade: Errou
2026-03-10 21:08:40,785 - INFO - 🎯 [Label: NEUTRAL | Score_DNN: 0.44 | Status_XGB: Executa     | Proba_XGBoost: 0.98]  --> Realidade: Acertou
2026-03-10 21:08:40,785 - INFO - 🎯 [Label: NEUTRAL | Score_DNN: 0.51 | Status_XGB: Executa     | Proba_XGBoost: 0.99]  --> Realidade: Acertou
2026-03-10 21:08:40,785 - INFO - 🎯 [Label: NEUTRAL | Score_DNN: 0.69 | Status_XGB: Executa     | Proba_XGBoost: 1.00]  --> Realidade: Acertou
2026-03-10 21:08:40,785 - INFO - 🎯 [Label: SELL    | Score_DNN: 0.42 | Status_XGB: Nao_Executa | Proba_XGBoost: 0.04]  --> Realidade: Errou
2026-03-10 21:08:40,786 - INFO - 🎯 [Label: BUY     | Score_DNN: 0.37 | Status_XGB: Nao_Executa | Proba_XGBoost: 0.02]  --> Realidade: Errou
2026-03-10 21:08:40,786 - INFO -                                                             
2026-03-10 21:08:40,915 - INFO - 🤖 Modelo XGBoost Auditor Salvo: RESULTADOS_SELL_0003_BUY_0003_15min_lookahead_600min_lookback_5min/08_03_2026_v000/MODELOS/AUDITOR/auditor_xgboost.json
2026-03-10 21:08:40,946 - INFO - ⚙️ Configurações do Auditor (Threshold) salvas em: RESULTADOS_SELL_0003_BUY_0003_15min_lookahead_600min_lookback_5min/08_03_2026_v000/MODELOS/AUDITOR/auditor_config.json
2026-03-10 21:08:40,988 - INFO - 💾 Scaler XGBoost Auditor Salvo: RESULTADOS_SELL_0003_BUY_0003_15min_lookahead_600min_lookback_5min/08_03_2026_v000/MODELOS/AUDITOR/scaler_auditor.pkl
2026-03-10 21:08:41,005 - INFO - 📤 [AUDIT UPLOAD] Stage=AUDITOR → drive:PROJETOS/RESULTADOS/AUDITORIA/AUDITOR
2026-03-10 21:08:46,705 - INFO -   ✅ Uploaded logs/train_xgboost → drive:PROJETOS/RESULTADOS/AUDITORIA/AUDITOR/train_xgboost
2026-03-10 21:08:52,041 - INFO -   ✅ Uploaded logs/auditor_preprocessing → drive:PROJETOS/RESULTADOS/AUDITORIA/AUDITOR/auditor_preprocessing
2026-03-10 21:08:57,848 - INFO -   ✅ Uploaded logs/auditor_labelling → drive:PROJETOS/RESULTADOS/AUDITORIA/AUDITOR/auditor_labelling
2026-03-10 21:08:57,848 - INFO - 📤 [AUDIT UPLOAD] AUDITOR complete.
