2026-03-10 17:08:34,672 - INFO - 
📝 LOGGING INITIALIZED (UTF-8-SIG): logs/labelling/labelling_labelled_SELL_00030_BUY_00030_15min_20260310_170834.log
2026-03-10 17:08:34,910 - INFO - Found 1133 files to label.
2026-03-10 17:08:34,910 - INFO - Mode: Continuous dataset labelling (cross-file island continuity preserved).
2026-03-10 17:08:34,911 - INFO - Lookahead: 15min / 5min = 3 barras
2026-03-10 17:08:34,911 - INFO - Lendo 1133 arquivos em memória...
2026-03-10 17:09:15,116 - INFO - Dataset concatenado: 326,198 barras | island_col=island_id
2026-03-10 17:09:15,262 - INFO - Labels calculados: 326,192 válidos | 6 descartados (bordas de ilha + lookahead)
2026-03-10 17:09:15,288 - INFO - Labelling phase finished.
2026-03-10 17:09:15,288 - INFO - Final Label Distribution:
2026-03-10 17:09:15,288 - INFO -    SELL (0): 21,726 samples (6.66%)
2026-03-10 17:09:15,289 - INFO -    NEUTRAL (1): 282,016 samples (86.46%)
2026-03-10 17:09:15,289 - INFO -    BUY (2): 22,450 samples (6.88%)
2026-03-10 17:09:15,289 - INFO - Total labelled samples: 326,192
2026-03-10 17:09:15,289 - INFO - Total processed files: 1133
2026-03-10 17:09:15,289 - INFO - Salvando arquivos rotulados por fonte original...
2026-03-10 17:10:13,305 - INFO - 🚀 Starting automated export to Drive: drive:PROJETOS/RESULTADOS_SELL_0003_BUY_0003_15min_lookahead_120min_lookback_5min/10_03_2026_v000/LABELLED...
2026-03-10 17:10:13,307 - INFO - 🧪 Running Automated Health QA (pytest)...
2026-03-10 17:14:00,849 - INFO - ✅ QA Report saved to data/L2/labelled/labelling_health_QA.log
2026-03-10 17:19:52,470 - INFO - ✅ Export completed successfully: drive:PROJETOS/RESULTADOS_SELL_0003_BUY_0003_15min_lookahead_120min_lookback_5min/10_03_2026_v000/LABELLED
2026-03-10 17:19:52,522 - INFO - 📤 [AUDIT UPLOAD] Stage=LABELLING → drive:PROJETOS/RESULTADOS_SELL_0003_BUY_0003_15min_lookahead_120min_lookback_5min/10_03_2026_v000/AUDITORIA/LABELLING
2026-03-10 17:20:00,906 - INFO -   ✅ Uploaded logs/labelling → drive:PROJETOS/RESULTADOS_SELL_0003_BUY_0003_15min_lookahead_120min_lookback_5min/10_03_2026_v000/AUDITORIA/LABELLING/labelling
2026-03-10 17:20:00,907 - INFO - 📤 [AUDIT UPLOAD] LABELLING complete.
