2026-03-10 17:37:26,216 - INFO - 
📝 LOGGING INITIALIZED (UTF-8-SIG): logs/run_manager/run_manager_20260310_173726.log
2026-03-10 17:37:26,283 - INFO - ============================================================
2026-03-10 17:37:26,284 - INFO - 🚀 INICIANDO FASE: Foundation Optuna (100 Trials | 50 Epochs | ESP: 4)
2026-03-10 17:37:26,284 - INFO - ============================================================
2026-03-10 20:54:09,626 - INFO - ✅ FASE CONCLUIDA: Foundation Optuna (100 Trials | 50 Epochs | ESP: 4)
2026-03-10 20:54:09,628 - INFO - 🧹 Initiating deep memory sweep (gc.collect and torch.cuda.empty_cache)...
2026-03-10 20:54:51,487 - INFO -   ↳ CUDA VRAM cache cleared.
2026-03-10 20:54:51,490 - INFO - 🔁 K-Fold Mode ativado (kfold.enabled=true) → Executando 5-Fold Purged K-Fold Specialist
2026-03-10 20:54:51,490 - INFO - ============================================================
2026-03-10 20:54:51,490 - INFO - 🚀 INICIANDO FASE: K-Fold Specialist OOF (5 Folds + Purge 15min)
2026-03-10 20:54:51,491 - INFO - ============================================================
2026-03-10 21:03:50,674 - INFO - ✅ FASE CONCLUIDA: K-Fold Specialist OOF (5 Folds + Purge 15min)
2026-03-10 21:03:50,677 - INFO - 🧹 Initiating deep memory sweep (gc.collect and torch.cuda.empty_cache)...
2026-03-10 21:03:50,735 - INFO -   ↳ CUDA VRAM cache cleared.
2026-03-10 21:03:50,751 - INFO - 🔍 Requisitos do Auditor carregados OK. Engatilhando Auditor...
2026-03-10 21:03:50,751 - INFO - ============================================================
2026-03-10 21:03:50,752 - INFO - 🚀 INICIANDO FASE: Auditor Preprocessing (Context generation)
2026-03-10 21:03:50,752 - INFO - ============================================================
2026-03-10 21:04:34,478 - INFO - ✅ FASE CONCLUIDA: Auditor Preprocessing (Context generation)
2026-03-10 21:04:34,480 - INFO - ============================================================
2026-03-10 21:04:34,480 - INFO - 🚀 INICIANDO FASE: Auditor Labelling (Fused Logits + Sinais OOF)
2026-03-10 21:04:34,480 - INFO - ============================================================
2026-03-10 21:06:36,399 - INFO - ✅ FASE CONCLUIDA: Auditor Labelling (Fused Logits + Sinais OOF)
2026-03-10 21:06:36,402 - INFO - 🧹 Initiating deep memory sweep (gc.collect and torch.cuda.empty_cache)...
2026-03-10 21:06:36,459 - INFO -   ↳ CUDA VRAM cache cleared.
2026-03-10 21:06:36,460 - INFO - ============================================================
2026-03-10 21:06:36,460 - INFO - 🚀 INICIANDO FASE: Auditor XGBoost (Dynamic Thresholding)
2026-03-10 21:06:36,460 - INFO - ============================================================
2026-03-10 21:08:58,566 - INFO - ✅ FASE CONCLUIDA: Auditor XGBoost (Dynamic Thresholding)
2026-03-10 21:08:58,569 - INFO - 🧹 Initiating deep memory sweep (gc.collect and torch.cuda.empty_cache)...
2026-03-10 21:08:58,627 - INFO -   ↳ CUDA VRAM cache cleared.
2026-03-10 21:08:58,628 - INFO - ============================================================
2026-03-10 21:08:58,628 - INFO - 🩺 INICIANDO AVALIAÇÃO DE SAÚDE (QA) OOF 🩺
2026-03-10 21:08:58,628 - INFO - ============================================================
2026-03-10 21:08:58,628 - INFO - 🚀 INICIANDO FASE: Health QA Generation (Target Balance & NaNs)
2026-03-10 21:08:58,628 - INFO - ============================================================
2026-03-10 21:09:32,719 - INFO - ✅ FASE CONCLUIDA: Health QA Generation (Target Balance & NaNs)
2026-03-10 21:09:32,722 - INFO - ============================================================
2026-03-10 21:09:32,722 - INFO - 📦 INICIANDO TRANSFERENCIA INTEGRAL (QA LOGS E MODELOS) 📦
