2026-03-22 00:10:12,209 - INFO - 
📝 LOGGING INITIALIZED (UTF-8-SIG): logs/labelling/labelling_PT_0.7_SL_0.3_H_15min_S_144_20260322_001012.log
2026-03-22 00:10:12,211 - INFO - 🔄 Syncing full ETL history (2023-2026) from Drive: drive:PROJETOS/RESULTADOS_PT_065_SL_033_lookahead_15min_DT_5000000_TT_5000_IT_1000_VT_144_CUSUM_22/2026_03_21/PRE_PROCESSED...
2026-03-22 00:12:32,239 - INFO - ✅ Pre-processed local directory is now up to date with Drive.
2026-03-22 00:12:32,240 - INFO - 🔍 Listing remote files from drive:PROJETOS/RESULTADOS_PT_065_SL_033_lookahead_15min_DT_5000000_TT_5000_IT_1000_VT_144_CUSUM_22/2026_03_21/PRE_PROCESSED...
2026-03-22 00:12:37,101 - INFO - 🚀 Iniciando Labelling em modo STREAMING: 1151 dias | 16 workers.
2026-03-22 00:12:37,101 - INFO - 📦 Processing Batch 1: 32 files...
2026-03-22 00:13:51,780 - INFO - 🗑️ Disk Cleared for Batch 1. Moving on...
2026-03-22 00:13:51,790 - INFO - 📦 Processing Batch 2: 32 files...
2026-03-22 00:14:54,688 - INFO - 🗑️ Disk Cleared for Batch 2. Moving on...
2026-03-22 00:14:54,698 - INFO - 📦 Processing Batch 3: 32 files...
2026-03-22 00:15:52,046 - INFO - 🗑️ Disk Cleared for Batch 3. Moving on...
2026-03-22 00:15:52,059 - INFO - 📦 Processing Batch 4: 32 files...
2026-03-22 00:16:56,380 - INFO - 🗑️ Disk Cleared for Batch 4. Moving on...
2026-03-22 00:16:56,390 - INFO - 📦 Processing Batch 5: 32 files...
2026-03-22 00:17:50,181 - INFO - 🗑️ Disk Cleared for Batch 5. Moving on...
2026-03-22 00:17:50,195 - INFO - 📦 Processing Batch 6: 32 files...
2026-03-22 00:22:03,138 - INFO - 🗑️ Disk Cleared for Batch 6. Moving on...
2026-03-22 00:22:03,155 - INFO - 📦 Processing Batch 7: 32 files...
2026-03-22 00:22:56,293 - INFO - 🗑️ Disk Cleared for Batch 7. Moving on...
2026-03-22 00:22:56,309 - INFO - 📦 Processing Batch 8: 32 files...
2026-03-22 00:28:00,434 - INFO - 🗑️ Disk Cleared for Batch 8. Moving on...
2026-03-22 00:28:00,449 - INFO - 📦 Processing Batch 9: 32 files...
2026-03-22 00:30:09,046 - INFO - 🗑️ Disk Cleared for Batch 9. Moving on...
2026-03-22 00:30:09,059 - INFO - 📦 Processing Batch 10: 32 files...
2026-03-22 00:32:57,870 - INFO - 🗑️ Disk Cleared for Batch 10. Moving on...
2026-03-22 00:32:57,882 - INFO - 📦 Processing Batch 11: 32 files...
2026-03-22 00:35:52,564 - INFO - 🗑️ Disk Cleared for Batch 11. Moving on...
2026-03-22 00:35:52,578 - INFO - 📦 Processing Batch 12: 32 files...
2026-03-22 00:37:59,239 - INFO - 🗑️ Disk Cleared for Batch 12. Moving on...
2026-03-22 00:37:59,255 - INFO - 📦 Processing Batch 13: 32 files...
2026-03-22 00:39:08,908 - INFO - 🗑️ Disk Cleared for Batch 13. Moving on...
2026-03-22 00:39:08,918 - INFO - 📦 Processing Batch 14: 32 files...
2026-03-22 00:39:51,530 - INFO - 🗑️ Disk Cleared for Batch 14. Moving on...
2026-03-22 00:39:51,543 - INFO - 📦 Processing Batch 15: 32 files...
2026-03-22 00:50:08,399 - INFO - 🗑️ Disk Cleared for Batch 15. Moving on...
2026-03-22 00:50:08,420 - INFO - 📦 Processing Batch 16: 32 files...
2026-03-22 00:50:51,833 - INFO - 🗑️ Disk Cleared for Batch 16. Moving on...
2026-03-22 00:50:51,846 - INFO - 📦 Processing Batch 17: 32 files...
2026-03-22 00:58:05,890 - INFO - 🗑️ Disk Cleared for Batch 17. Moving on...
2026-03-22 00:58:05,903 - INFO - 📦 Processing Batch 18: 32 files...
2026-03-22 00:58:54,958 - INFO - 🗑️ Disk Cleared for Batch 18. Moving on...
2026-03-22 00:58:54,968 - INFO - 📦 Processing Batch 19: 32 files...
2026-03-22 01:08:49,497 - INFO - 🗑️ Disk Cleared for Batch 19. Moving on...
2026-03-22 01:08:49,507 - INFO - 📦 Processing Batch 20: 32 files...
2026-03-22 01:11:34,411 - INFO - 🗑️ Disk Cleared for Batch 20. Moving on...
2026-03-22 01:11:34,425 - INFO - 📦 Processing Batch 21: 32 files...
2026-03-22 01:21:00,746 - INFO - 🗑️ Disk Cleared for Batch 21. Moving on...
2026-03-22 01:21:00,759 - INFO - 📦 Processing Batch 22: 32 files...
2026-03-22 01:22:04,092 - INFO - 🗑️ Disk Cleared for Batch 22. Moving on...
2026-03-22 01:22:04,105 - INFO - 📦 Processing Batch 23: 32 files...
2026-03-22 01:23:00,835 - INFO - 🗑️ Disk Cleared for Batch 23. Moving on...
2026-03-22 01:23:00,848 - INFO - 📦 Processing Batch 24: 32 files...
2026-03-22 01:23:52,512 - INFO - 🗑️ Disk Cleared for Batch 24. Moving on...
2026-03-22 01:23:52,525 - INFO - 📦 Processing Batch 25: 32 files...
2026-03-22 01:31:08,468 - INFO - 🗑️ Disk Cleared for Batch 25. Moving on...
2026-03-22 01:31:08,481 - INFO - 📦 Processing Batch 26: 32 files...
2026-03-22 01:32:00,145 - INFO - 🗑️ Disk Cleared for Batch 26. Moving on...
2026-03-22 01:32:00,157 - INFO - 📦 Processing Batch 27: 32 files...
2026-03-22 01:32:52,670 - INFO - 🗑️ Disk Cleared for Batch 27. Moving on...
2026-03-22 01:32:52,683 - INFO - 📦 Processing Batch 28: 32 files...
2026-03-22 01:43:00,892 - INFO - 🗑️ Disk Cleared for Batch 28. Moving on...
2026-03-22 01:43:00,904 - INFO - 📦 Processing Batch 29: 32 files...
2026-03-22 01:44:00,769 - INFO - 🗑️ Disk Cleared for Batch 29. Moving on...
2026-03-22 01:44:00,785 - INFO - 📦 Processing Batch 30: 32 files...
2026-03-22 01:45:36,028 - INFO - 🗑️ Disk Cleared for Batch 30. Moving on...
2026-03-22 01:45:36,041 - INFO - 📦 Processing Batch 31: 32 files...
2026-03-22 01:48:07,627 - INFO - 🗑️ Disk Cleared for Batch 31. Moving on...
2026-03-22 01:48:07,639 - INFO - 📦 Processing Batch 32: 32 files...
2026-03-22 01:57:30,633 - INFO - 🗑️ Disk Cleared for Batch 32. Moving on...
2026-03-22 01:57:30,646 - INFO - 📦 Processing Batch 33: 32 files...
2026-03-22 01:58:10,571 - INFO - 🗑️ Disk Cleared for Batch 33. Moving on...
2026-03-22 01:58:10,581 - INFO - 📦 Processing Batch 34: 32 files...
2026-03-22 01:59:07,150 - INFO - 🗑️ Disk Cleared for Batch 34. Moving on...
2026-03-22 01:59:07,162 - INFO - 📦 Processing Batch 35: 32 files...
2026-03-22 01:59:52,246 - INFO - 🗑️ Disk Cleared for Batch 35. Moving on...
2026-03-22 01:59:52,255 - INFO - 📦 Processing Batch 36: 31 files...
2026-03-22 02:02:01,629 - INFO - 🗑️ Disk Cleared for Batch 36. Moving on...
2026-03-22 02:02:01,642 - INFO - Labelling phase finished.
2026-03-22 02:02:01,643 - INFO - Final Label Distribution:
2026-03-22 02:02:01,643 - INFO -    SELL (0): 123,092,691 samples (27.51%)
2026-03-22 02:02:01,643 - INFO -    NEUTRAL (1): 205,428,401 samples (45.91%)
2026-03-22 02:02:01,643 - INFO -    BUY (2): 118,932,108 samples (26.58%)
2026-03-22 02:02:01,643 - INFO - Total labelled samples: 447,453,200 (Raw: 245,124,348 | Kept: 447,453,200)
2026-03-22 02:02:01,644 - INFO - 🚀 Starting automated export to Drive: drive:PROJETOS/RESULTADOS_PT_065_SL_033_lookahead_15min_DT_5000000_TT_5000_IT_1000_VT_144_CUSUM_22/2026_03_21/LABELLED...
2026-03-22 02:02:01,644 - INFO - 🧪 Running Automated Health QA (pytest) with 16 workers...
2026-03-22 02:02:49,082 - INFO - ✅ QA Report saved to data/L2/labelled/labelling_health_QA.log
2026-03-22 02:02:57,082 - INFO - ✅ Export completed successfully: drive:PROJETOS/RESULTADOS_PT_065_SL_033_lookahead_15min_DT_5000000_TT_5000_IT_1000_VT_144_CUSUM_22/2026_03_21/LABELLED
2026-03-22 02:02:57,153 - INFO - 📤 [AUDIT UPLOAD] Stage=LABELLING → drive:PROJETOS/RESULTADOS_PT_065_SL_033_lookahead_15min_DT_5000000_TT_5000_IT_1000_VT_144_CUSUM_22/2026_03_21/AUDITORIA/LABELLING
