2026-02-25 22:36:32,810 - INFO - 📝 LOGGING INITIALIZED (UTF-8-SIG): logs/treino_specialization/treino_specialization_20260225_223632.log
2026-02-25 22:36:32,903 - INFO - ✨ [MACRO] Loading hyperparameters from best_params.json
2026-02-25 22:36:32,903 - INFO - 📦 Specialization Model  → data/models/treino_best_model.pt
2026-02-25 22:36:32,904 - INFO - 📦 Specialization Scaler → data/models/treino_scaler_finetuning.pkl
2026-02-25 22:36:32,925 - INFO - Device: cuda
2026-02-25 22:36:32,926 - INFO - Specialization config: seq_len=48, epochs=10, base_lr=0.000032, spec_lr=0.000003, batch=1024
2026-02-25 22:36:32,926 - INFO - Model Arch: TCN=256, LSTM=64, Layers=3
2026-02-25 22:36:32,942 - INFO - Specialization Train Set: data/L2/splits_labelled_SELL_0003_BUY_0003_15min/train
2026-02-25 22:36:32,942 - INFO - Specialization Val Set:   data/L2/splits_labelled_SELL_0003_BUY_0003_15min/val
2026-02-25 22:37:13,004 - INFO - Loaded 218,600 rows from 770 files in data/L2/splits_labelled_SELL_0003_BUY_0003_15min/train
2026-02-25 22:37:22,505 - INFO - Loaded 62,454 rows from 220 files in data/L2/splits_labelled_SELL_0003_BUY_0003_15min/val
2026-02-25 22:37:22,655 - INFO - Split sizes: train=218,600 | val=62,454
2026-02-25 22:37:22,744 - INFO - Scaler saved: data/models/treino_scaler_finetuning.pkl
2026-02-25 22:37:22,744 - INFO - Train batches: 214 | Val batches: 61
2026-02-25 22:37:23,366 - INFO - 🔄 Loading pre-trained base model weights from: /workspace/QuantGod_Cloud_TCNLSTM/data/models/best_tcn_lstm.pt
2026-02-25 22:37:23,464 - INFO - Model: Hybrid_TCN_LSTM | Parameters: 777,091
2026-02-25 22:37:23,470 - INFO - FocalLoss alpha (AUTO computed from specialization labels): [4.85680627822876, 0.3880096971988678, 4.611522674560547]
2026-02-25 22:37:23,470 - INFO - Loss: FocalLossWithSmoothing | gamma=2.0 | smoothing=0.1
2026-02-25 22:38:00,675 - INFO - Epoch 1 | Batch 50/214 (23.4%) | Loss: 0.8218
2026-02-25 22:38:01,756 - INFO - Epoch 1 | Batch 100/214 (46.7%) | Loss: 0.8432
2026-02-25 22:38:02,831 - INFO - Epoch 1 | Batch 150/214 (70.1%) | Loss: 0.8099
2026-02-25 22:38:03,946 - INFO - Epoch 1 | Batch 200/214 (93.5%) | Loss: 0.6893
2026-02-25 22:38:06,374 - INFO - Epoch 1/10 | Train Loss: 0.7696 | Val Loss: 0.6393 | F1 Macro: 0.3418 | F1 Dir: 0.1711 | F1 [SELL/NEU/BUY]: [0.129/0.683/0.213] | LR: 0.000003
2026-02-25 22:38:06,404 - INFO - 🏆 Best Specialization model saved (F1 Dir: 0.1711)
2026-02-25 22:38:07,941 - INFO - Epoch 2 | Batch 50/214 (23.4%) | Loss: 0.7600
2026-02-25 22:38:09,123 - INFO - Epoch 2 | Batch 100/214 (46.7%) | Loss: 0.7843
2026-02-25 22:38:10,262 - INFO - Epoch 2 | Batch 150/214 (70.1%) | Loss: 0.7391
2026-02-25 22:38:11,510 - INFO - Epoch 2 | Batch 200/214 (93.5%) | Loss: 0.7778
2026-02-25 22:38:13,128 - INFO - Epoch 2/10 | Train Loss: 0.7697 | Val Loss: 0.6392 | F1 Macro: 0.3419 | F1 Dir: 0.1722 | F1 [SELL/NEU/BUY]: [0.131/0.681/0.214] | LR: 0.000003
2026-02-25 22:38:13,188 - INFO - 🏆 Best Specialization model saved (F1 Dir: 0.1722)
2026-02-25 22:38:14,804 - INFO - Epoch 3 | Batch 50/214 (23.4%) | Loss: 0.7676
2026-02-25 22:38:16,057 - INFO - Epoch 3 | Batch 100/214 (46.7%) | Loss: 0.7165
2026-02-25 22:38:17,307 - INFO - Epoch 3 | Batch 150/214 (70.1%) | Loss: 0.7991
2026-02-25 22:38:18,557 - INFO - Epoch 3 | Batch 200/214 (93.5%) | Loss: 0.8313
2026-02-25 22:38:20,240 - INFO - Epoch 3/10 | Train Loss: 0.7697 | Val Loss: 0.6390 | F1 Macro: 0.3406 | F1 Dir: 0.1719 | F1 [SELL/NEU/BUY]: [0.133/0.678/0.211] | LR: 0.000003
2026-02-25 22:38:21,863 - INFO - Epoch 4 | Batch 50/214 (23.4%) | Loss: 0.8162
2026-02-25 22:38:23,135 - INFO - Epoch 4 | Batch 100/214 (46.7%) | Loss: 0.7897
2026-02-25 22:38:24,465 - INFO - Epoch 4 | Batch 150/214 (70.1%) | Loss: 0.8032
2026-02-25 22:38:25,798 - INFO - Epoch 4 | Batch 200/214 (93.5%) | Loss: 0.7846
2026-02-25 22:38:27,485 - INFO - Epoch 4/10 | Train Loss: 0.7699 | Val Loss: 0.6392 | F1 Macro: 0.3464 | F1 Dir: 0.1737 | F1 [SELL/NEU/BUY]: [0.135/0.692/0.213] | LR: 0.000002
2026-02-25 22:38:27,518 - INFO - 🏆 Best Specialization model saved (F1 Dir: 0.1737)
2026-02-25 22:38:29,159 - INFO - Epoch 5 | Batch 50/214 (23.4%) | Loss: 0.7567
2026-02-25 22:38:30,353 - INFO - Epoch 5 | Batch 100/214 (46.7%) | Loss: 0.7680
2026-02-25 22:38:31,535 - INFO - Epoch 5 | Batch 150/214 (70.1%) | Loss: 0.7999
2026-02-25 22:38:32,783 - INFO - Epoch 5 | Batch 200/214 (93.5%) | Loss: 0.7489
2026-02-25 22:38:34,454 - INFO - Epoch 5/10 | Train Loss: 0.7686 | Val Loss: 0.6393 | F1 Macro: 0.3408 | F1 Dir: 0.1714 | F1 [SELL/NEU/BUY]: [0.132/0.680/0.211] | LR: 0.000002
2026-02-25 22:38:35,965 - INFO - Epoch 6 | Batch 50/214 (23.4%) | Loss: 0.7739
2026-02-25 22:38:37,101 - INFO - Epoch 6 | Batch 100/214 (46.7%) | Loss: 0.7134
2026-02-25 22:38:38,254 - INFO - Epoch 6 | Batch 150/214 (70.1%) | Loss: 0.7565
2026-02-25 22:38:39,384 - INFO - Epoch 6 | Batch 200/214 (93.5%) | Loss: 0.7601
2026-02-25 22:38:40,821 - INFO - Epoch 6/10 | Train Loss: 0.7697 | Val Loss: 0.6394 | F1 Macro: 0.3445 | F1 Dir: 0.1736 | F1 [SELL/NEU/BUY]: [0.133/0.686/0.214] | LR: 0.000001
2026-02-25 22:38:40,821 - INFO - ⚠️ Early stopping triggered! Val Loss did not improve for 3 epochs.
2026-02-25 22:38:40,822 - INFO - Specialization complete. Best Val F1 Direcional: 0.1737
2026-02-25 22:38:40,822 - INFO - Specialized Model saved: /workspace/QuantGod_Cloud_TCNLSTM/data/models/treino_best_model.pt
