2026-02-25 20:25:41,415 - INFO - 📝 LOGGING INITIALIZED (UTF-8-SIG): logs/treino_specialization/treino_specialization_20260225_202541.log
2026-02-25 20:25:41,436 - INFO - ✨ [MACRO] Loading hyperparameters from best_params.json
2026-02-25 20:25:41,436 - INFO - 📦 Specialization Model  → data/models/treino_best_model.pt
2026-02-25 20:25:41,436 - INFO - 📦 Specialization Scaler → data/models/treino_scaler_finetuning.pkl
2026-02-25 20:25:41,457 - INFO - Device: cuda
2026-02-25 20:25:41,457 - INFO - Specialization config: seq_len=24, epochs=10, base_lr=0.000048, spec_lr=0.000005, batch=1024
2026-02-25 20:25:41,458 - INFO - Model Arch: TCN=128, LSTM=64, Layers=3
2026-02-25 20:25:41,471 - INFO - Specialization Train Set: data/L2/splits_labelled_SELL_0003_BUY_0003_15min/train
2026-02-25 20:25:41,471 - INFO - Specialization Val Set:   data/L2/splits_labelled_SELL_0003_BUY_0003_15min/val
2026-02-25 20:26:13,972 - INFO - Loaded 218,600 rows from 770 files in data/L2/splits_labelled_SELL_0003_BUY_0003_15min/train
2026-02-25 20:26:23,072 - INFO - Loaded 62,454 rows from 220 files in data/L2/splits_labelled_SELL_0003_BUY_0003_15min/val
2026-02-25 20:26:23,220 - INFO - Split sizes: train=218,600 | val=62,454
2026-02-25 20:26:23,386 - INFO - Scaler saved: data/models/treino_scaler_finetuning.pkl
2026-02-25 20:26:23,387 - INFO - Train batches: 214 | Val batches: 61
2026-02-25 20:26:24,251 - INFO - 🔄 Loading pre-trained base model weights from: /workspace/QuantGod_Cloud_TCNLSTM/data/models/best_tcn_lstm.pt
2026-02-25 20:26:24,597 - INFO - Model: Hybrid_TCN_LSTM | Parameters: 283,907
2026-02-25 20:26:24,603 - INFO - FocalLoss alpha (computed from specialization labels): [4.85680627822876, 0.3880096971988678, 4.611522674560547]
2026-02-25 20:26:24,603 - INFO - Loss: FocalLossWithSmoothing | gamma=2.0 | smoothing=0.1
2026-02-25 20:26:59,137 - INFO - Epoch 1 | Batch 50/214 (23.4%) | Loss: 0.7754
2026-02-25 20:27:00,154 - INFO - Epoch 1 | Batch 100/214 (46.7%) | Loss: 0.7750
2026-02-25 20:27:01,141 - INFO - Epoch 1 | Batch 150/214 (70.1%) | Loss: 0.8003
2026-02-25 20:27:02,133 - INFO - Epoch 1 | Batch 200/214 (93.5%) | Loss: 0.7681
2026-02-25 20:27:04,355 - INFO - Epoch 1/10 | Train Loss: 0.7775 | Val Loss: 0.6388 | F1 Macro: 0.3282 | F1 Dir: 0.1773 | F1 [SELL/NEU/BUY]: [0.121/0.630/0.234] | LR: 0.000005
2026-02-25 20:27:04,372 - INFO - 🏆 Best Specialization model saved (F1 Dir: 0.1773)
2026-02-25 20:27:05,578 - INFO - Epoch 2 | Batch 50/214 (23.4%) | Loss: 0.8080
2026-02-25 20:27:06,529 - INFO - Epoch 2 | Batch 100/214 (46.7%) | Loss: 0.7040
2026-02-25 20:27:07,493 - INFO - Epoch 2 | Batch 150/214 (70.1%) | Loss: 0.7429
2026-02-25 20:27:08,452 - INFO - Epoch 2 | Batch 200/214 (93.5%) | Loss: 0.7584
2026-02-25 20:27:09,838 - INFO - Epoch 2/10 | Train Loss: 0.7775 | Val Loss: 0.6391 | F1 Macro: 0.3252 | F1 Dir: 0.1798 | F1 [SELL/NEU/BUY]: [0.117/0.616/0.243] | LR: 0.000004
2026-02-25 20:27:09,858 - INFO - 🏆 Best Specialization model saved (F1 Dir: 0.1798)
2026-02-25 20:27:11,175 - INFO - Epoch 3 | Batch 50/214 (23.4%) | Loss: 0.7670
2026-02-25 20:27:12,143 - INFO - Epoch 3 | Batch 100/214 (46.7%) | Loss: 0.8199
2026-02-25 20:27:13,101 - INFO - Epoch 3 | Batch 150/214 (70.1%) | Loss: 0.7206
2026-02-25 20:27:14,064 - INFO - Epoch 3 | Batch 200/214 (93.5%) | Loss: 0.7704
2026-02-25 20:27:15,345 - INFO - Epoch 3/10 | Train Loss: 0.7775 | Val Loss: 0.6388 | F1 Macro: 0.3279 | F1 Dir: 0.1802 | F1 [SELL/NEU/BUY]: [0.117/0.623/0.244] | LR: 0.000004
2026-02-25 20:27:15,361 - INFO - 🏆 Best Specialization model saved (F1 Dir: 0.1802)
2026-02-25 20:27:16,685 - INFO - Epoch 4 | Batch 50/214 (23.4%) | Loss: 0.7530
2026-02-25 20:27:17,805 - INFO - Epoch 4 | Batch 100/214 (46.7%) | Loss: 0.7124
2026-02-25 20:27:18,937 - INFO - Epoch 4 | Batch 150/214 (70.1%) | Loss: 0.7557
2026-02-25 20:27:19,939 - INFO - Epoch 4 | Batch 200/214 (93.5%) | Loss: 0.8187
2026-02-25 20:27:21,340 - INFO - Epoch 4/10 | Train Loss: 0.7769 | Val Loss: 0.6389 | F1 Macro: 0.3292 | F1 Dir: 0.1817 | F1 [SELL/NEU/BUY]: [0.116/0.624/0.247] | LR: 0.000003
2026-02-25 20:27:21,355 - INFO - 🏆 Best Specialization model saved (F1 Dir: 0.1817)
2026-02-25 20:27:21,355 - INFO - ⚠️ Early stopping triggered! Val Loss did not improve for 3 epochs.
2026-02-25 20:27:21,355 - INFO - Specialization complete. Best Val F1 Direcional: 0.1817
2026-02-25 20:27:21,356 - INFO - Specialized Model saved: /workspace/QuantGod_Cloud_TCNLSTM/data/models/treino_best_model.pt
