2026-03-09 21:21:20,083 - INFO - Carregando dados fundidos de data/auditor/dataset_fused...
2026-03-09 21:21:21,015 - INFO - Tamanho Treino: 27445 | Tamanho Val: 6862
2026-03-09 21:21:21,016 - INFO - Ocorrência de Acertos (1) no Treino: 49.58%
2026-03-09 21:21:21,016 - INFO - Ocorrência de Acertos (1) no Val: 61.95%
2026-03-09 21:22:32,075 - INFO - Iniciando treinamento do XGBoost Meta-Labeler...
2026-03-09 21:22:34,234 - INFO - Treinamento finalizado. Gerando métricas de validação...
2026-03-09 21:22:34,293 - INFO - === Calibração de Threshold do Auditor (F-Beta 0.5) ===
2026-03-09 21:22:34,310 - INFO - Threshold 0.50 -> Prec: 0.9793 | Rec: 0.9464 | F-0.5: 0.9725
2026-03-09 21:22:34,321 - INFO - Threshold 0.52 -> Prec: 0.9793 | Rec: 0.9461 | F-0.5: 0.9725
2026-03-09 21:22:34,331 - INFO - Threshold 0.54 -> Prec: 0.9798 | Rec: 0.9454 | F-0.5: 0.9727
2026-03-09 21:22:34,338 - INFO - Threshold 0.56 -> Prec: 0.9805 | Rec: 0.9452 | F-0.5: 0.9732
2026-03-09 21:22:34,345 - INFO - Threshold 0.58 -> Prec: 0.9805 | Rec: 0.9447 | F-0.5: 0.9731
2026-03-09 21:22:34,352 - INFO - Threshold 0.60 -> Prec: 0.9809 | Rec: 0.9445 | F-0.5: 0.9734
2026-03-09 21:22:34,360 - INFO - Threshold 0.62 -> Prec: 0.9812 | Rec: 0.9435 | F-0.5: 0.9734
2026-03-09 21:22:34,367 - INFO - Threshold 0.64 -> Prec: 0.9816 | Rec: 0.9428 | F-0.5: 0.9736
2026-03-09 21:22:34,374 - INFO - Threshold 0.66 -> Prec: 0.9816 | Rec: 0.9421 | F-0.5: 0.9735
2026-03-09 21:22:34,381 - INFO - Threshold 0.68 -> Prec: 0.9821 | Rec: 0.9414 | F-0.5: 0.9737
2026-03-09 21:22:34,388 - INFO - Threshold 0.70 -> Prec: 0.9821 | Rec: 0.9398 | F-0.5: 0.9733
2026-03-09 21:22:34,396 - INFO - Threshold 0.72 -> Prec: 0.9823 | Rec: 0.9386 | F-0.5: 0.9732
2026-03-09 21:22:34,403 - INFO - Threshold 0.74 -> Prec: 0.9827 | Rec: 0.9372 | F-0.5: 0.9733
2026-03-09 21:22:34,410 - INFO - Threshold 0.76 -> Prec: 0.9830 | Rec: 0.9358 | F-0.5: 0.9731
2026-03-09 21:22:34,418 - INFO - Threshold 0.78 -> Prec: 0.9832 | Rec: 0.9339 | F-0.5: 0.9729
2026-03-09 21:22:34,425 - INFO - Threshold 0.80 -> Prec: 0.9834 | Rec: 0.9330 | F-0.5: 0.9729
2026-03-09 21:22:34,433 - INFO - Threshold 0.82 -> Prec: 0.9834 | Rec: 0.9311 | F-0.5: 0.9724
2026-03-09 21:22:34,440 - INFO - Threshold 0.84 -> Prec: 0.9833 | Rec: 0.9283 | F-0.5: 0.9718
2026-03-09 21:22:34,447 - INFO - Threshold 0.86 -> Prec: 0.9834 | Rec: 0.9219 | F-0.5: 0.9705
2026-03-09 21:22:34,455 - INFO - Threshold 0.88 -> Prec: 0.9836 | Rec: 0.9153 | F-0.5: 0.9691
2026-03-09 21:22:34,462 - INFO - Threshold 0.90 -> Prec: 0.9834 | Rec: 0.9031 | F-0.5: 0.9662
2026-03-09 21:22:34,469 - INFO - Threshold 0.92 -> Prec: 0.9835 | Rec: 0.8840 | F-0.5: 0.9619
2026-03-09 21:22:34,476 - INFO - Threshold 0.94 -> Prec: 0.9841 | Rec: 0.8438 | F-0.5: 0.9524
2026-03-09 21:22:34,476 - INFO - 🚀 Melhor Threshold Automático Escolhido (F-0.5 Máximo): 0.68 (F: 0.9737)

2026-03-09 21:22:34,485 - INFO - === Performance Final do XGBoost Auditor (Threshold: 0.68) ===
2026-03-09 21:22:34,485 - INFO - Accuracy: 0.9531 | F1-Score (Acertos): 0.9613 | ROC-AUC: 0.9687
2026-03-09 21:22:34,491 - INFO - Relatório de Classificação:
              precision    recall  f1-score   support

    ERRO (0)       0.91      0.97      0.94      2611
  ACERTO (1)       0.98      0.94      0.96      4251

    accuracy                           0.95      6862
   macro avg       0.95      0.96      0.95      6862
weighted avg       0.95      0.95      0.95      6862

2026-03-09 21:22:34,492 - INFO - Feature Importance (Top 10):
2026-03-09 21:22:34,492 - INFO -   spec_prob_neu       : 0.4867
2026-03-09 21:22:34,492 - INFO -   spec_prob_buy       : 0.1089
2026-03-09 21:22:34,492 - INFO -   spec_prob_sell      : 0.0997
2026-03-09 21:22:34,493 - INFO -   vol_zscore_1h       : 0.0263
2026-03-09 21:22:34,493 - INFO -   atr_norm            : 0.0226
2026-03-09 21:22:34,493 - INFO -   base_prob_buy       : 0.0226
2026-03-09 21:22:34,493 - INFO -   vwap_zscore         : 0.0225
2026-03-09 21:22:34,493 - INFO -   vol_1h              : 0.0225
2026-03-09 21:22:34,494 - INFO -   ema_cross_dist      : 0.0225
2026-03-09 21:22:34,494 - INFO -   base_prob_neu       : 0.0223
2026-03-09 21:22:34,494 - INFO -                                                             
2026-03-09 21:22:34,494 - INFO - === Output Quádruplo Final (Amostra do Val Set) ===
2026-03-09 21:22:34,496 - INFO - 🎯 [Label: SELL    | Score_DNN: 0.42 | Status_XGB: Nao_Executa | Proba_XGBoost: 0.12]  --> Realidade: Errou
2026-03-09 21:22:34,497 - INFO - 🎯 [Label: NEUTRAL | Score_DNN: 0.47 | Status_XGB: Executa     | Proba_XGBoost: 0.92]  --> Realidade: Acertou
2026-03-09 21:22:34,497 - INFO - 🎯 [Label: NEUTRAL | Score_DNN: 0.69 | Status_XGB: Executa     | Proba_XGBoost: 0.99]  --> Realidade: Acertou
2026-03-09 21:22:34,497 - INFO - 🎯 [Label: SELL    | Score_DNN: 0.39 | Status_XGB: Nao_Executa | Proba_XGBoost: 0.04]  --> Realidade: Errou
2026-03-09 21:22:34,498 - INFO - 🎯 [Label: NEUTRAL | Score_DNN: 0.51 | Status_XGB: Executa     | Proba_XGBoost: 0.99]  --> Realidade: Acertou
2026-03-09 21:22:34,498 - INFO - 🎯 [Label: SELL    | Score_DNN: 0.39 | Status_XGB: Nao_Executa | Proba_XGBoost: 0.03]  --> Realidade: Errou
2026-03-09 21:22:34,498 - INFO - 🎯 [Label: SELL    | Score_DNN: 0.45 | Status_XGB: Nao_Executa | Proba_XGBoost: 0.14]  --> Realidade: Errou
2026-03-09 21:22:34,498 - INFO - 🎯 [Label: SELL    | Score_DNN: 0.37 | Status_XGB: Nao_Executa | Proba_XGBoost: 0.06]  --> Realidade: Errou
2026-03-09 21:22:34,499 - INFO - 🎯 [Label: NEUTRAL | Score_DNN: 0.56 | Status_XGB: Executa     | Proba_XGBoost: 0.99]  --> Realidade: Acertou
2026-03-09 21:22:34,499 - INFO - 🎯 [Label: NEUTRAL | Score_DNN: 0.53 | Status_XGB: Executa     | Proba_XGBoost: 0.93]  --> Realidade: Acertou
2026-03-09 21:22:34,499 - INFO -                                                             
2026-03-09 21:22:34,586 - INFO - 🤖 Modelo XGBoost Auditor Salvo: data/models/auditor_xgboost.json
2026-03-09 21:22:34,606 - INFO - 💾 Scaler XGBoost Auditor Salvo: data/models/scaler_auditor.pkl
2026-03-09 21:22:34,622 - INFO - 📤 [AUDIT UPLOAD] Stage=AUDITOR → drive:PROJETOS/RESULTADOS/AUDITORIA/AUDITOR
2026-03-09 21:22:43,253 - INFO -   ✅ Uploaded logs/train_xgboost → drive:PROJETOS/RESULTADOS/AUDITORIA/AUDITOR/train_xgboost
2026-03-09 21:22:51,246 - INFO -   ✅ Uploaded logs/auditor_preprocessing → drive:PROJETOS/RESULTADOS/AUDITORIA/AUDITOR/auditor_preprocessing
2026-03-09 21:22:59,523 - INFO -   ✅ Uploaded logs/auditor_labelling → drive:PROJETOS/RESULTADOS/AUDITORIA/AUDITOR/auditor_labelling
2026-03-09 21:22:59,523 - INFO - 📤 [AUDIT UPLOAD] AUDITOR complete.
