2026-03-09 21:07:37,945 - INFO - 🖥️  Device: cuda
2026-03-09 21:07:37,956 - INFO - 📐 K-Fold Setup: 5 folds, purge=15min (3 bars), resample=5min
2026-03-09 21:07:38,003 - INFO - Loaded Foundation Arch: seq_len=120, tcn=256, lstm=128×3
2026-03-09 21:07:38,019 - INFO - 📂 Foundation Val: 340 files in data/L2/labelled/val
2026-03-09 21:07:50,031 - INFO - 📊 Foundation Val: 97,885 rows | SELL=5,684 NEU=86,627 BUY=5,574
2026-03-09 21:07:50,034 - INFO - ============================================================
2026-03-09 21:07:50,034 - INFO - 🔁 FOLD 1/5 | Train: 78,296 rows | Test: 19,577 rows
2026-03-09 21:07:50,035 - INFO - [Fold 0] ✅ Right Purge Gap OK: 3 bars (15 min)
2026-03-09 21:07:50,114 - INFO - [Fold 0] Scaler saved: scaler_fold_0.pkl
2026-03-09 21:07:50,115 - INFO - SequenceDataset: 45924/78177 valid sequences (Lookback protection active).
2026-03-09 21:07:50,115 - INFO - SequenceDataset: 11485/19458 valid sequences (Lookback protection active).
2026-03-09 21:07:50,378 - INFO - 🔥 [Fold 0] WARM-START SUCCESS: Base weights initialized.
2026-03-09 21:07:50,918 - INFO - ⚖️ Specialist Loss: alpha=[4.85, 0.38, 4.61], gamma=1.54, smoothing=0.03 (Inherited: True)
2026-03-09 21:09:14,211 - INFO - [Fold 0] E1/30 | Sniper: 0.1850 | F1_Dir: 0.1405 | F1_Macro: 0.2887
2026-03-09 21:09:54,344 - INFO - [Fold 0] E6/30 | Sniper: 0.2202 | F1_Dir: 0.1797 | F1_Macro: 0.3144
2026-03-09 21:10:26,961 - INFO - [Fold 0] Early stop at epoch 10.
2026-03-09 21:10:27,576 - INFO - [Fold 0] Model saved: model_fold_0.pt
2026-03-09 21:10:27,577 - INFO - SequenceDataset: 11485/19458 valid sequences (Lookback protection active).
2026-03-09 21:10:28,474 - INFO - [Fold 0] OOF Sniper: 0.2202 | Dir: 0.1797 | Macro: 0.3144
2026-03-09 21:10:28,932 - INFO - [Fold 0] Saved: fold_0.parquet (11,485 rows)
2026-03-09 21:10:29,099 - INFO - ============================================================
2026-03-09 21:10:29,100 - INFO - 🔁 FOLD 2/5 | Train: 78,296 rows | Test: 19,577 rows
2026-03-09 21:10:29,101 - INFO - [Fold 1] ✅ Left Purge Gap OK: 3 bars (15 min)
2026-03-09 21:10:29,101 - INFO - [Fold 1] ✅ Right Purge Gap OK: 3 bars (15 min)
2026-03-09 21:10:29,178 - INFO - [Fold 1] Scaler saved: scaler_fold_1.pkl
2026-03-09 21:10:29,179 - INFO - SequenceDataset: 45917/78177 valid sequences (Lookback protection active).
2026-03-09 21:10:29,179 - INFO - SequenceDataset: 11478/19458 valid sequences (Lookback protection active).
2026-03-09 21:10:29,365 - INFO - 🔥 [Fold 1] WARM-START SUCCESS: Base weights initialized.
2026-03-09 21:10:29,373 - INFO - ⚖️ Specialist Loss: alpha=[4.85, 0.38, 4.61], gamma=1.54, smoothing=0.03 (Inherited: True)
2026-03-09 21:10:37,642 - INFO - [Fold 1] E1/30 | Sniper: 0.1846 | F1_Dir: 0.1231 | F1_Macro: 0.3283
2026-03-09 21:11:17,850 - INFO - [Fold 1] E6/30 | Sniper: 0.1755 | F1_Dir: 0.1226 | F1_Macro: 0.2988
2026-03-09 21:11:17,852 - INFO - [Fold 1] Early stop at epoch 6.
2026-03-09 21:11:17,899 - INFO - [Fold 1] Model saved: model_fold_1.pt
2026-03-09 21:11:17,899 - INFO - SequenceDataset: 11478/19458 valid sequences (Lookback protection active).
2026-03-09 21:11:19,395 - INFO - [Fold 1] OOF Sniper: 0.1879 | Dir: 0.1290 | Macro: 0.3255
2026-03-09 21:11:19,449 - INFO - [Fold 1] Saved: fold_1.parquet (11,478 rows)
2026-03-09 21:11:19,619 - INFO - ============================================================
2026-03-09 21:11:19,620 - INFO - 🔁 FOLD 3/5 | Train: 78,296 rows | Test: 19,577 rows
2026-03-09 21:11:19,620 - INFO - [Fold 2] ✅ Left Purge Gap OK: 3 bars (15 min)
2026-03-09 21:11:19,621 - INFO - [Fold 2] ✅ Right Purge Gap OK: 3 bars (15 min)
2026-03-09 21:11:20,031 - INFO - [Fold 2] Scaler saved: scaler_fold_2.pkl
2026-03-09 21:11:20,032 - INFO - SequenceDataset: 45928/78177 valid sequences (Lookback protection active).
2026-03-09 21:11:20,032 - INFO - SequenceDataset: 11463/19458 valid sequences (Lookback protection active).
2026-03-09 21:11:20,448 - INFO - 🔥 [Fold 2] WARM-START SUCCESS: Base weights initialized.
2026-03-09 21:11:20,454 - INFO - ⚖️ Specialist Loss: alpha=[4.85, 0.38, 4.61], gamma=1.54, smoothing=0.03 (Inherited: True)
2026-03-09 21:11:28,677 - INFO - [Fold 2] E1/30 | Sniper: 0.1898 | F1_Dir: 0.1293 | F1_Macro: 0.3312
2026-03-09 21:12:02,620 - INFO - [Fold 2] Early stop at epoch 5.
2026-03-09 21:12:02,992 - INFO - [Fold 2] Model saved: model_fold_2.pt
2026-03-09 21:12:02,992 - INFO - SequenceDataset: 11463/19458 valid sequences (Lookback protection active).
2026-03-09 21:12:03,865 - INFO - [Fold 2] OOF Sniper: 0.1898 | Dir: 0.1293 | Macro: 0.3312
2026-03-09 21:12:04,165 - INFO - [Fold 2] Saved: fold_2.parquet (11,463 rows)
2026-03-09 21:12:04,333 - INFO - ============================================================
2026-03-09 21:12:04,333 - INFO - 🔁 FOLD 4/5 | Train: 78,296 rows | Test: 19,577 rows
2026-03-09 21:12:04,334 - INFO - [Fold 3] ✅ Left Purge Gap OK: 3 bars (15 min)
2026-03-09 21:12:04,334 - INFO - [Fold 3] ✅ Right Purge Gap OK: 3 bars (15 min)
2026-03-09 21:12:04,397 - INFO - [Fold 3] Scaler saved: scaler_fold_3.pkl
2026-03-09 21:12:04,398 - INFO - SequenceDataset: 45923/78177 valid sequences (Lookback protection active).
2026-03-09 21:12:04,398 - INFO - SequenceDataset: 11481/19458 valid sequences (Lookback protection active).
2026-03-09 21:12:04,449 - INFO - 🔥 [Fold 3] WARM-START SUCCESS: Base weights initialized.
2026-03-09 21:12:04,456 - INFO - ⚖️ Specialist Loss: alpha=[4.85, 0.38, 4.61], gamma=1.54, smoothing=0.03 (Inherited: True)
2026-03-09 21:12:12,207 - INFO - [Fold 3] E1/30 | Sniper: 0.1693 | F1_Dir: 0.1421 | F1_Macro: 0.2328
2026-03-09 21:12:53,961 - INFO - [Fold 3] E6/30 | Sniper: 0.2000 | F1_Dir: 0.1822 | F1_Macro: 0.2414
2026-03-09 21:12:53,964 - INFO - [Fold 3] Early stop at epoch 6.
2026-03-09 21:12:54,044 - INFO - [Fold 3] Model saved: model_fold_3.pt
2026-03-09 21:12:54,045 - INFO - SequenceDataset: 11481/19458 valid sequences (Lookback protection active).
2026-03-09 21:12:54,957 - INFO - [Fold 3] OOF Sniper: 0.2152 | Dir: 0.1880 | Macro: 0.2785
2026-03-09 21:12:55,098 - INFO - [Fold 3] Saved: fold_3.parquet (11,481 rows)
2026-03-09 21:12:55,265 - INFO - ============================================================
2026-03-09 21:12:55,265 - INFO - 🔁 FOLD 5/5 | Train: 78,296 rows | Test: 19,577 rows
2026-03-09 21:12:55,266 - INFO - [Fold 4] ✅ Left Purge Gap OK: 3 bars (15 min)
2026-03-09 21:12:55,332 - INFO - [Fold 4] Scaler saved: scaler_fold_4.pkl
2026-03-09 21:12:55,333 - INFO - SequenceDataset: 45927/78177 valid sequences (Lookback protection active).
2026-03-09 21:12:55,333 - INFO - SequenceDataset: 11485/19458 valid sequences (Lookback protection active).
2026-03-09 21:12:55,384 - INFO - 🔥 [Fold 4] WARM-START SUCCESS: Base weights initialized.
2026-03-09 21:12:55,390 - INFO - ⚖️ Specialist Loss: alpha=[4.85, 0.38, 4.61], gamma=1.54, smoothing=0.03 (Inherited: True)
2026-03-09 21:13:03,656 - INFO - [Fold 4] E1/30 | Sniper: 0.2210 | F1_Dir: 0.1829 | F1_Macro: 0.3099
2026-03-09 21:13:44,910 - INFO - [Fold 4] E6/30 | Sniper: 0.2416 | F1_Dir: 0.2032 | F1_Macro: 0.3311
2026-03-09 21:13:44,916 - INFO - [Fold 4] Early stop at epoch 6.
2026-03-09 21:13:45,315 - INFO - [Fold 4] Model saved: model_fold_4.pt
2026-03-09 21:13:45,315 - INFO - SequenceDataset: 11485/19458 valid sequences (Lookback protection active).
2026-03-09 21:13:46,197 - INFO - [Fold 4] OOF Sniper: 0.2445 | Dir: 0.2080 | Macro: 0.3298
2026-03-09 21:13:46,244 - INFO - [Fold 4] Saved: fold_4.parquet (11,485 rows)
2026-03-09 21:13:46,410 - INFO - ============================================================
2026-03-09 21:13:46,410 - INFO - 📦 Assembling full_oof.parquet (chronological order)...
2026-03-09 21:13:47,270 - INFO - ✅ full_oof.parquet: 57,392 rows | Coverage: 58.6% of Foundation Val
2026-03-09 21:13:47,270 - INFO -    Expected: ~97,870 (after purge removal)
2026-03-09 21:13:47,275 - INFO - ✅ No duplicate rows in full_oof.parquet
2026-03-09 21:13:47,276 - INFO - 🧪 Running Automated Specialist Security QA (pytest)...
2026-03-09 21:16:56,001 - INFO - ✅ Specialist QA Report saved to data/auditor/oof_predictions/kfold_security_QA.log
2026-03-09 21:16:56,002 - INFO - 🏁 K-Fold Specialist finished. Auditor fusion ready.
2026-03-09 21:16:56,082 - INFO - 📤 [AUDIT UPLOAD] Stage=KFOLD_SPECIALIST → drive:PROJETOS/RESULTADOS_SELL_00030_BUY_00030_15min/08_03_2026_v000/AUDITORIA/KFOLD_SPECIALIST
